Archive member included to satisfy reference by file (symbol)

C:\Users\g031q\workspace\Robot_sample\mbed\TARGET_NUCLEO_F446RE\TOOLCHAIN_GCC_ARM\libmbed.a(AnalogIn.o)
                              Ballsensor/Ballsensor.o (mbed::AnalogIn::_mutex)
C:\Users\g031q\workspace\Robot_sample\mbed\TARGET_NUCLEO_F446RE\TOOLCHAIN_GCC_ARM\libmbed.a(mbed_lp_ticker_api.o)
                              C:/Users/g031q/workspace/Robot_sample/mbed/TARGET_NUCLEO_F446RE/TOOLCHAIN_GCC_ARM/lp_ticker.o (lp_ticker_irq_handler)
C:\Users\g031q\workspace\Robot_sample\mbed\TARGET_NUCLEO_F446RE\TOOLCHAIN_GCC_ARM\libmbed.a(mbed_gpio.o)
                              Ping/Ping.o (gpio_init_in)
C:\Users\g031q\workspace\Robot_sample\mbed\TARGET_NUCLEO_F446RE\TOOLCHAIN_GCC_ARM\libmbed.a(Timer.o)
                              main.o (mbed::Timer::~Timer())
C:\Users\g031q\workspace\Robot_sample\mbed\TARGET_NUCLEO_F446RE\TOOLCHAIN_GCC_ARM\libmbed.a(mbed_pinmap_common.o)
                              C:/Users/g031q/workspace/Robot_sample/mbed/TARGET_NUCLEO_F446RE/TOOLCHAIN_GCC_ARM/analogin_api.o (pinmap_pinout)
C:\Users\g031q\workspace\Robot_sample\mbed\TARGET_NUCLEO_F446RE\TOOLCHAIN_GCC_ARM\libmbed.a(mbed_us_ticker_api.o)
                              C:/Users/g031q/workspace/Robot_sample/mbed/TARGET_NUCLEO_F446RE/TOOLCHAIN_GCC_ARM/mbed_retarget.o (get_us_ticker_data)
C:\Users\g031q\workspace\Robot_sample\mbed\TARGET_NUCLEO_F446RE\TOOLCHAIN_GCC_ARM\libmbed.a(Serial.o)
                              main.o (mbed::Serial::Serial(PinName, PinName, char const*, int))
C:\Users\g031q\workspace\Robot_sample\mbed\TARGET_NUCLEO_F446RE\TOOLCHAIN_GCC_ARM\libmbed.a(InterruptIn.o)
                              Ping/Ping.o (mbed::InterruptIn::InterruptIn(PinName))
C:\Users\g031q\workspace\Robot_sample\mbed\TARGET_NUCLEO_F446RE\TOOLCHAIN_GCC_ARM\libmbed.a(I2C.o)
                              BNO055_fusion/BNO055.o (mbed::I2C::I2C(PinName, PinName))
C:\Users\g031q\workspace\Robot_sample\mbed\TARGET_NUCLEO_F446RE\TOOLCHAIN_GCC_ARM\libmbed.a(mbed_ticker_api.o)
                              C:\Users\g031q\workspace\Robot_sample\mbed\TARGET_NUCLEO_F446RE\TOOLCHAIN_GCC_ARM\libmbed.a(mbed_lp_ticker_api.o) (ticker_irq_handler)
C:\Users\g031q\workspace\Robot_sample\mbed\TARGET_NUCLEO_F446RE\TOOLCHAIN_GCC_ARM\libmbed.a(mbed_mktime.o)
                              C:/Users/g031q/workspace/Robot_sample/mbed/TARGET_NUCLEO_F446RE/TOOLCHAIN_GCC_ARM/rtc_api.o (_rtc_mktime)
C:\Users\g031q\workspace\Robot_sample\mbed\TARGET_NUCLEO_F446RE\TOOLCHAIN_GCC_ARM\libmbed.a(mbed_sleep_manager.o)
                              Motor/Motor.o (sleep_manager_lock_deep_sleep)
C:\Users\g031q\workspace\Robot_sample\mbed\TARGET_NUCLEO_F446RE\TOOLCHAIN_GCC_ARM\libmbed.a(mbed_assert.o)
                              C:/Users/g031q/workspace/Robot_sample/mbed/TARGET_NUCLEO_F446RE/TOOLCHAIN_GCC_ARM/analogin_api.o (mbed_assert_internal)
C:\Users\g031q\workspace\Robot_sample\mbed\TARGET_NUCLEO_F446RE\TOOLCHAIN_GCC_ARM\libmbed.a(mbed_critical.o)
                              Motor/Motor.o (core_util_critical_section_enter)
C:\Users\g031q\workspace\Robot_sample\mbed\TARGET_NUCLEO_F446RE\TOOLCHAIN_GCC_ARM\libmbed.a(mbed_error.o)
                              C:/Users/g031q/workspace/Robot_sample/mbed/TARGET_NUCLEO_F446RE/TOOLCHAIN_GCC_ARM/analogin_api.o (error)
C:\Users\g031q\workspace\Robot_sample\mbed\TARGET_NUCLEO_F446RE\TOOLCHAIN_GCC_ARM\libmbed.a(SerialBase.o)
                              main.o (mbed::SerialBase::readable())
C:\Users\g031q\workspace\Robot_sample\mbed\TARGET_NUCLEO_F446RE\TOOLCHAIN_GCC_ARM\libmbed.a(FilePath.o)
                              C:/Users/g031q/workspace/Robot_sample/mbed/TARGET_NUCLEO_F446RE/TOOLCHAIN_GCC_ARM/mbed_retarget.o (mbed::FilePath::FilePath(char const*))
C:\Users\g031q\workspace\Robot_sample\mbed\TARGET_NUCLEO_F446RE\TOOLCHAIN_GCC_ARM\libmbed.a(FileBase.o)
                              C:\Users\g031q\workspace\Robot_sample\mbed\TARGET_NUCLEO_F446RE\TOOLCHAIN_GCC_ARM\libmbed.a(FilePath.o) (mbed::FileBase::getPathType())
C:\Users\g031q\workspace\Robot_sample\mbed\TARGET_NUCLEO_F446RE\TOOLCHAIN_GCC_ARM\libmbed.a(mbed_wait_api_no_rtos.o)
                              Ping/Ping.o (wait_us)
C:\Users\g031q\workspace\Robot_sample\mbed\TARGET_NUCLEO_F446RE\TOOLCHAIN_GCC_ARM\libmbed.a(Stream.o)
                              C:\Users\g031q\workspace\Robot_sample\mbed\TARGET_NUCLEO_F446RE\TOOLCHAIN_GCC_ARM\libmbed.a(Serial.o) (mbed::Stream::write(void const*, unsigned int))
C:\Users\g031q\workspace\Robot_sample\mbed\TARGET_NUCLEO_F446RE\TOOLCHAIN_GCC_ARM\libmbed.a(FileHandle.o)
                              C:\Users\g031q\workspace\Robot_sample\mbed\TARGET_NUCLEO_F446RE\TOOLCHAIN_GCC_ARM\libmbed.a(Stream.o) (mbed::FileHandle::size())
c:/ac6/systemworkbench/plugins/fr.ac6.mcu.externaltools.arm-none.win32_1.16.0.201807130628/tools/compiler/bin/../lib/gcc/arm-none-eabi/7.2.1/../../../../arm-none-eabi/lib/thumb/v7e-m/fpv4-sp/softfp\libm.a(lib_a-s_sin.o)
[...]
Memory Configuration

Name             Origin             Length             Attributes
FLASH            0x08000000         0x00080000         xr
RAM              0x200001c4         0x0001fe3c         xrw
*default*        0x00000000         0xffffffff

Linker script and memory map

LOAD c:/ac6/systemworkbench/plugins/fr.ac6.mcu.externaltools.arm-none.win32_1.16.0.201807130628/tools/compiler/bin/../lib/gcc/arm-none-eabi/7.2.1/thumb/v7e-m/fpv4-sp/softfp/crti.o
LOAD c:/ac6/systemworkbench/plugins/fr.ac6.mcu.externaltools.arm-none.win32_1.16.0.201807130628/tools/compiler/bin/../lib/gcc/arm-none-eabi/7.2.1/thumb/v7e-m/fpv4-sp/softfp/crtbegin.o
LOAD c:/ac6/systemworkbench/plugins/fr.ac6.mcu.externaltools.arm-none.win32_1.16.0.201807130628/tools/compiler/bin/../lib/gcc/arm-none-eabi/7.2.1/../../../../arm-none-eabi/lib/thumb/v7e-m/fpv4-sp/softfp/crt0.o
START GROUP
LOAD c:/ac6/systemworkbench/plugins/fr.ac6.mcu.externaltools.arm-none.win32_1.16.0.201807130628/tools/compiler/bin/../lib/gcc/arm-none-eabi/7.2.1/../../../../arm-none-eabi/lib/thumb/v7e-m/fpv4-sp/softfp\libstdc++.a
LOAD c:/ac6/systemworkbench/plugins/fr.ac6.mcu.externaltools.arm-none.win32_1.16.0.201807130628/tools/compiler/bin/../lib/gcc/arm-none-eabi/7.2.1/../../../../arm-none-eabi/lib/thumb/v7e-m/fpv4-sp/softfp\libsupc++.a
LOAD c:/ac6/systemworkbench/plugins/fr.ac6.mcu.externaltools.arm-none.win32_1.16.0.201807130628/tools/compiler/bin/../lib/gcc/arm-none-eabi/7.2.1/thumb/v7e-m/fpv4-sp/softfp\libgcc.a
LOAD c:/ac6/systemworkbench/plugins/fr.ac6.mcu.externaltools.arm-none.win32_1.16.0.201807130628/tools/compiler/bin/../lib/gcc/arm-none-eabi/7.2.1/../../../../arm-none-eabi/lib/thumb/v7e-m/fpv4-sp/softfp\libnosys.a
END GROUP
LOAD BNO055_fusion/BNO055.o
LOAD Ballsensor/Ballsensor.o
LOAD Linesensor/Linesensor.o
LOAD Motor/Motor.o
LOAD Ping/Ping.o
LOAD main.o
LOAD C:/Users/g031q/workspace/Robot_sample/mbed/TARGET_NUCLEO_F446RE/TOOLCHAIN_GCC_ARM/PeripheralPins.o
LOAD C:/Users/g031q/workspace/Robot_sample/mbed/TARGET_NUCLEO_F446RE/TOOLCHAIN_GCC_ARM/analogin_api.o
LOAD C:/Users/g031q/workspace/Robot_sample/mbed/TARGET_NUCLEO_F446RE/TOOLCHAIN_GCC_ARM/analogout_api.o
LOAD C:/Users/g031q/workspace/Robot_sample/mbed/TARGET_NUCLEO_F446RE/TOOLCHAIN_GCC_ARM/analogout_device.o
LOAD C:/Users/g031q/workspace/Robot_sample/mbed/TARGET_NUCLEO_F446RE/TOOLCHAIN_GCC_ARM/can_api.o
LOAD C:/Users/g031q/workspace/Robot_sample/mbed/TARGET_NUCLEO_F446RE/TOOLCHAIN_GCC_ARM/flash_api.o
LOAD C:/Users/g031q/workspace/Robot_sample/mbed/TARGET_NUCLEO_F446RE/TOOLCHAIN_GCC_ARM/gpio_api.o
LOAD C:/Users/g031q/workspace/Robot_sample/mbed/TARGET_NUCLEO_F446RE/TOOLCHAIN_GCC_ARM/gpio_irq_api.o
LOAD C:/Users/g031q/workspace/Robot_sample/mbed/TARGET_NUCLEO_F446RE/TOOLCHAIN_GCC_ARM/gpio_irq_device.o
LOAD C:/Users/g031q/workspace/Robot_sample/mbed/TARGET_NUCLEO_F446RE/TOOLCHAIN_GCC_ARM/hal_init_pre.o
LOAD C:/Users/g031q/workspace/Robot_sample/mbed/TARGET_NUCLEO_F446RE/TOOLCHAIN_GCC_ARM/hal_tick_16b.o
LOAD C:/Users/g031q/workspace/Robot_sample/mbed/TARGET_NUCLEO_F446RE/TOOLCHAIN_GCC_ARM/hal_tick_32b.o
LOAD C:/Users/g031q/workspace/Robot_sample/mbed/TARGET_NUCLEO_F446RE/TOOLCHAIN_GCC_ARM/i2c_api.o
LOAD C:/Users/g031q/workspace/Robot_sample/mbed/TARGET_NUCLEO_F446RE/TOOLCHAIN_GCC_ARM/lp_ticker.o
LOAD C:/Users/g031q/workspace/Robot_sample/mbed/TARGET_NUCLEO_F446RE/TOOLCHAIN_GCC_ARM/mbed_board.o
LOAD C:/Users/g031q/workspace/Robot_sample/mbed/TARGET_NUCLEO_F446RE/TOOLCHAIN_GCC_ARM/mbed_overrides.o
LOAD C:/Users/g031q/workspace/Robot_sample/mbed/TARGET_NUCLEO_F446RE/TOOLCHAIN_GCC_ARM/mbed_retarget.o
LOAD C:/Users/g031q/workspace/Robot_sample/mbed/TARGET_NUCLEO_F446RE/TOOLCHAIN_GCC_ARM/mbed_sdk_boot.o
LOAD C:/Users/g031q/workspace/Robot_sample/mbed/TARGET_NUCLEO_F446RE/TOOLCHAIN_GCC_ARM/pinmap.o
LOAD C:/Users/g031q/workspace/Robot_sample/mbed/TARGET_NUCLEO_F446RE/TOOLCHAIN_GCC_ARM/port_api.o
LOAD C:/Users/g031q/workspace/Robot_sample/mbed/TARGET_NUCLEO_F446RE/TOOLCHAIN_GCC_ARM/pwmout_api.o
LOAD C:/Users/g031q/workspace/Robot_sample/mbed/TARGET_NUCLEO_F446RE/TOOLCHAIN_GCC_ARM/pwmout_device.o
LOAD C:/Users/g031q/workspace/Robot_sample/mbed/TARGET_NUCLEO_F446RE/TOOLCHAIN_GCC_ARM/rtc_api.o
LOAD C:/Users/g031q/workspace/Robot_sample/mbed/TARGET_NUCLEO_F446RE/TOOLCHAIN_GCC_ARM/serial_api.o
LOAD C:/Users/g031q/workspace/Robot_sample/mbed/TARGET_NUCLEO_F446RE/TOOLCHAIN_GCC_ARM/serial_device.o
LOAD C:/Users/g031q/workspace/Robot_sample/mbed/TARGET_NUCLEO_F446RE/TOOLCHAIN_GCC_ARM/sleep.o
LOAD C:/Users/g031q/workspace/Robot_sample/mbed/TARGET_NUCLEO_F446RE/TOOLCHAIN_GCC_ARM/spi_api.o
LOAD C:/Users/g031q/workspace/Robot_sample/mbed/TARGET_NUCLEO_F446RE/TOOLCHAIN_GCC_ARM/startup_stm32f446xx.o
LOAD C:/Users/g031q/workspace/Robot_sample/mbed/TARGET_NUCLEO_F446RE/TOOLCHAIN_GCC_ARM/stm32f4xx_hal.o
LOAD C:/Users/g031q/workspace/Robot_sample/mbed/TARGET_NUCLEO_F446RE/TOOLCHAIN_GCC_ARM/stm32f4xx_hal_adc.o
LOAD C:/Users/g031q/workspace/Robot_sample/mbed/TARGET_NUCLEO_F446RE/TOOLCHAIN_GCC_ARM/stm32f4xx_hal_adc_ex.o
LOAD C:/Users/g031q/workspace/Robot_sample/mbed/TARGET_NUCLEO_F446RE/TOOLCHAIN_GCC_ARM/stm32f4xx_hal_can.o
LOAD C:/Users/g031q/workspace/Robot_sample/mbed/TARGET_NUCLEO_F446RE/TOOLCHAIN_GCC_ARM/stm32f4xx_hal_cec.o
LOAD C:/Users/g031q/workspace/Robot_sample/mbed/TARGET_NUCLEO_F446RE/TOOLCHAIN_GCC_ARM/stm32f4xx_hal_cortex.o
LOAD C:/Users/g031q/workspace/Robot_sample/mbed/TARGET_NUCLEO_F446RE/TOOLCHAIN_GCC_ARM/stm32f4xx_hal_crc.o
LOAD C:/Users/g031q/workspace/Robot_sample/mbed/TARGET_NUCLEO_F446RE/TOOLCHAIN_GCC_ARM/stm32f4xx_hal_cryp.o
LOAD C:/Users/g031q/workspace/Robot_sample/mbed/TARGET_NUCLEO_F446RE/TOOLCHAIN_GCC_ARM/stm32f4xx_hal_cryp_ex.o
LOAD C:/Users/g031q/workspace/Robot_sample/mbed/TARGET_NUCLEO_F446RE/TOOLCHAIN_GCC_ARM/stm32f4xx_hal_dac.o
LOAD C:/Users/g031q/workspace/Robot_sample/mbed/TARGET_NUCLEO_F446RE/TOOLCHAIN_GCC_ARM/stm32f4xx_hal_dac_ex.o
LOAD C:/Users/g031q/workspace/Robot_sample/mbed/TARGET_NUCLEO_F446RE/TOOLCHAIN_GCC_ARM/stm32f4xx_hal_dcmi.o
LOAD C:/Users/g031q/workspace/Robot_sample/mbed/TARGET_NUCLEO_F446RE/TOOLCHAIN_GCC_ARM/stm32f4xx_hal_dcmi_ex.o
LOAD C:/Users/g031q/workspace/Robot_sample/mbed/TARGET_NUCLEO_F446RE/TOOLCHAIN_GCC_ARM/stm32f4xx_hal_dfsdm.o
LOAD C:/Users/g031q/workspace/Robot_sample/mbed/TARGET_NUCLEO_F446RE/TOOLCHAIN_GCC_ARM/stm32f4xx_hal_dma.o
LOAD C:/Users/g031q/workspace/Robot_sample/mbed/TARGET_NUCLEO_F446RE/TOOLCHAIN_GCC_ARM/stm32f4xx_hal_dma2d.o
LOAD C:/Users/g031q/workspace/Robot_sample/mbed/TARGET_NUCLEO_F446RE/TOOLCHAIN_GCC_ARM/stm32f4xx_hal_dma_ex.o
LOAD C:/Users/g031q/workspace/Robot_sample/mbed/TARGET_NUCLEO_F446RE/TOOLCHAIN_GCC_ARM/stm32f4xx_hal_dsi.o
LOAD C:/Users/g031q/workspace/Robot_sample/mbed/TARGET_NUCLEO_F446RE/TOOLCHAIN_GCC_ARM/stm32f4xx_hal_eth.o
LOAD C:/Users/g031q/workspace/Robot_sample/mbed/TARGET_NUCLEO_F446RE/TOOLCHAIN_GCC_ARM/stm32f4xx_hal_flash.o
LOAD C:/Users/g031q/workspace/Robot_sample/mbed/TARGET_NUCLEO_F446RE/TOOLCHAIN_GCC_ARM/stm32f4xx_hal_flash_ex.o
LOAD C:/Users/g031q/workspace/Robot_sample/mbed/TARGET_NUCLEO_F446RE/TOOLCHAIN_GCC_ARM/stm32f4xx_hal_flash_ramfunc.o
LOAD C:/Users/g031q/workspace/Robot_sample/mbed/TARGET_NUCLEO_F446RE/TOOLCHAIN_GCC_ARM/stm32f4xx_hal_fmpi2c.o
LOAD C:/Users/g031q/workspace/Robot_sample/mbed/TARGET_NUCLEO_F446RE/TOOLCHAIN_GCC_ARM/stm32f4xx_hal_fmpi2c_ex.o
LOAD C:/Users/g031q/workspace/Robot_sample/mbed/TARGET_NUCLEO_F446RE/TOOLCHAIN_GCC_ARM/stm32f4xx_hal_gpio.o
LOAD C:/Users/g031q/workspace/Robot_sample/mbed/TARGET_NUCLEO_F446RE/TOOLCHAIN_GCC_ARM/stm32f4xx_hal_hash.o
LOAD C:/Users/g031q/workspace/Robot_sample/mbed/TARGET_NUCLEO_F446RE/TOOLCHAIN_GCC_ARM/stm32f4xx_hal_hash_ex.o
LOAD C:/Users/g031q/workspace/Robot_sample/mbed/TARGET_NUCLEO_F446RE/TOOLCHAIN_GCC_ARM/stm32f4xx_hal_hcd.o
LOAD C:/Users/g031q/workspace/Robot_sample/mbed/TARGET_NUCLEO_F446RE/TOOLCHAIN_GCC_ARM/stm32f4xx_hal_i2c.o
LOAD C:/Users/g031q/workspace/Robot_sample/mbed/TARGET_NUCLEO_F446RE/TOOLCHAIN_GCC_ARM/stm32f4xx_hal_i2c_ex.o
LOAD C:/Users/g031q/workspace/Robot_sample/mbed/TARGET_NUCLEO_F446RE/TOOLCHAIN_GCC_ARM/stm32f4xx_hal_i2s.o
LOAD C:/Users/g031q/workspace/Robot_sample/mbed/TARGET_NUCLEO_F446RE/TOOLCHAIN_GCC_ARM/stm32f4xx_hal_i2s_ex.o
LOAD C:/Users/g031q/workspace/Robot_sample/mbed/TARGET_NUCLEO_F446RE/TOOLCHAIN_GCC_ARM/stm32f4xx_hal_irda.o
LOAD C:/Users/g031q/workspace/Robot_sample/mbed/TARGET_NUCLEO_F446RE/TOOLCHAIN_GCC_ARM/stm32f4xx_hal_iwdg.o
LOAD C:/Users/g031q/workspace/Robot_sample/mbed/TARGET_NUCLEO_F446RE/TOOLCHAIN_GCC_ARM/stm32f4xx_hal_lptim.o
LOAD C:/Users/g031q/workspace/Robot_sample/mbed/TARGET_NUCLEO_F446RE/TOOLCHAIN_GCC_ARM/stm32f4xx_hal_ltdc.o
LOAD C:/Users/g031q/workspace/Robot_sample/mbed/TARGET_NUCLEO_F446RE/TOOLCHAIN_GCC_ARM/stm32f4xx_hal_ltdc_ex.o
LOAD C:/Users/g031q/workspace/Robot_sample/mbed/TARGET_NUCLEO_F446RE/TOOLCHAIN_GCC_ARM/stm32f4xx_hal_mmc.o
LOAD C:/Users/g031q/workspace/Robot_sample/mbed/TARGET_NUCLEO_F446RE/TOOLCHAIN_GCC_ARM/stm32f4xx_hal_msp_template.o
LOAD C:/Users/g031q/workspace/Robot_sample/mbed/TARGET_NUCLEO_F446RE/TOOLCHAIN_GCC_ARM/stm32f4xx_hal_nand.o
LOAD C:/Users/g031q/workspace/Robot_sample/mbed/TARGET_NUCLEO_F446RE/TOOLCHAIN_GCC_ARM/stm32f4xx_hal_nor.o
LOAD C:/Users/g031q/workspace/Robot_sample/mbed/TARGET_NUCLEO_F446RE/TOOLCHAIN_GCC_ARM/stm32f4xx_hal_pccard.o
LOAD C:/Users/g031q/workspace/Robot_sample/mbed/TARGET_NUCLEO_F446RE/TOOLCHAIN_GCC_ARM/stm32f4xx_hal_pcd.o
LOAD C:/Users/g031q/workspace/Robot_sample/mbed/TARGET_NUCLEO_F446RE/TOOLCHAIN_GCC_ARM/stm32f4xx_hal_pcd_ex.o
LOAD C:/Users/g031q/workspace/Robot_sample/mbed/TARGET_NUCLEO_F446RE/TOOLCHAIN_GCC_ARM/stm32f4xx_hal_pwr.o
LOAD C:/Users/g031q/workspace/Robot_sample/mbed/TARGET_NUCLEO_F446RE/TOOLCHAIN_GCC_ARM/stm32f4xx_hal_pwr_ex.o
LOAD C:/Users/g031q/workspace/Robot_sample/mbed/TARGET_NUCLEO_F446RE/TOOLCHAIN_GCC_ARM/stm32f4xx_hal_qspi.o
LOAD C:/Users/g031q/workspace/Robot_sample/mbed/TARGET_NUCLEO_F446RE/TOOLCHAIN_GCC_ARM/stm32f4xx_hal_rcc.o
LOAD C:/Users/g031q/workspace/Robot_sample/mbed/TARGET_NUCLEO_F446RE/TOOLCHAIN_GCC_ARM/stm32f4xx_hal_rcc_ex.o
LOAD C:/Users/g031q/workspace/Robot_sample/mbed/TARGET_NUCLEO_F446RE/TOOLCHAIN_GCC_ARM/stm32f4xx_hal_rng.o
LOAD C:/Users/g031q/workspace/Robot_sample/mbed/TARGET_NUCLEO_F446RE/TOOLCHAIN_GCC_ARM/stm32f4xx_hal_rtc.o
LOAD C:/Users/g031q/workspace/Robot_sample/mbed/TARGET_NUCLEO_F446RE/TOOLCHAIN_GCC_ARM/stm32f4xx_hal_rtc_ex.o
LOAD C:/Users/g031q/workspace/Robot_sample/mbed/TARGET_NUCLEO_F446RE/TOOLCHAIN_GCC_ARM/stm32f4xx_hal_sai.o
LOAD C:/Users/g031q/workspace/Robot_sample/mbed/TARGET_NUCLEO_F446RE/TOOLCHAIN_GCC_ARM/stm32f4xx_hal_sai_ex.o
LOAD C:/Users/g031q/workspace/Robot_sample/mbed/TARGET_NUCLEO_F446RE/TOOLCHAIN_GCC_ARM/stm32f4xx_hal_sd.o
LOAD C:/Users/g031q/workspace/Robot_sample/mbed/TARGET_NUCLEO_F446RE/TOOLCHAIN_GCC_ARM/stm32f4xx_hal_sdram.o
LOAD C:/Users/g031q/workspace/Robot_sample/mbed/TARGET_NUCLEO_F446RE/TOOLCHAIN_GCC_ARM/stm32f4xx_hal_smartcard.o
LOAD C:/Users/g031q/workspace/Robot_sample/mbed/TARGET_NUCLEO_F446RE/TOOLCHAIN_GCC_ARM/stm32f4xx_hal_spdifrx.o
LOAD C:/Users/g031q/workspace/Robot_sample/mbed/TARGET_NUCLEO_F446RE/TOOLCHAIN_GCC_ARM/stm32f4xx_hal_spi.o
LOAD C:/Users/g031q/workspace/Robot_sample/mbed/TARGET_NUCLEO_F446RE/TOOLCHAIN_GCC_ARM/stm32f4xx_hal_sram.o
LOAD C:/Users/g031q/workspace/Robot_sample/mbed/TARGET_NUCLEO_F446RE/TOOLCHAIN_GCC_ARM/stm32f4xx_hal_tim.o
LOAD C:/Users/g031q/workspace/Robot_sample/mbed/TARGET_NUCLEO_F446RE/TOOLCHAIN_GCC_ARM/stm32f4xx_hal_tim_ex.o
LOAD C:/Users/g031q/workspace/Robot_sample/mbed/TARGET_NUCLEO_F446RE/TOOLCHAIN_GCC_ARM/stm32f4xx_hal_uart.o
LOAD C:/Users/g031q/workspace/Robot_sample/mbed/TARGET_NUCLEO_F446RE/TOOLCHAIN_GCC_ARM/stm32f4xx_hal_usart.o
LOAD C:/Users/g031q/workspace/Robot_sample/mbed/TARGET_NUCLEO_F446RE/TOOLCHAIN_GCC_ARM/stm32f4xx_hal_wwdg.o
LOAD C:/Users/g031q/workspace/Robot_sample/mbed/TARGET_NUCLEO_F446RE/TOOLCHAIN_GCC_ARM/stm32f4xx_ll_adc.o
LOAD C:/Users/g031q/workspace/Robot_sample/mbed/TARGET_NUCLEO_F446RE/TOOLCHAIN_GCC_ARM/stm32f4xx_ll_crc.o
LOAD C:/Users/g031q/workspace/Robot_sample/mbed/TARGET_NUCLEO_F446RE/TOOLCHAIN_GCC_ARM/stm32f4xx_ll_dac.o
LOAD C:/Users/g031q/workspace/Robot_sample/mbed/TARGET_NUCLEO_F446RE/TOOLCHAIN_GCC_ARM/stm32f4xx_ll_dma.o
LOAD C:/Users/g031q/workspace/Robot_sample/mbed/TARGET_NUCLEO_F446RE/TOOLCHAIN_GCC_ARM/stm32f4xx_ll_dma2d.o
LOAD C:/Users/g031q/workspace/Robot_sample/mbed/TARGET_NUCLEO_F446RE/TOOLCHAIN_GCC_ARM/stm32f4xx_ll_exti.o
LOAD C:/Users/g031q/workspace/Robot_sample/mbed/TARGET_NUCLEO_F446RE/TOOLCHAIN_GCC_ARM/stm32f4xx_ll_fmc.o
LOAD C:/Users/g031q/workspace/Robot_sample/mbed/TARGET_NUCLEO_F446RE/TOOLCHAIN_GCC_ARM/stm32f4xx_ll_fsmc.o
LOAD C:/Users/g031q/workspace/Robot_sample/mbed/TARGET_NUCLEO_F446RE/TOOLCHAIN_GCC_ARM/stm32f4xx_ll_gpio.o
LOAD C:/Users/g031q/workspace/Robot_sample/mbed/TARGET_NUCLEO_F446RE/TOOLCHAIN_GCC_ARM/stm32f4xx_ll_i2c.o
LOAD C:/Users/g031q/workspace/Robot_sample/mbed/TARGET_NUCLEO_F446RE/TOOLCHAIN_GCC_ARM/stm32f4xx_ll_lptim.o
LOAD C:/Users/g031q/workspace/Robot_sample/mbed/TARGET_NUCLEO_F446RE/TOOLCHAIN_GCC_ARM/stm32f4xx_ll_pwr.o
LOAD C:/Users/g031q/workspace/Robot_sample/mbed/TARGET_NUCLEO_F446RE/TOOLCHAIN_GCC_ARM/stm32f4xx_ll_rcc.o
LOAD C:/Users/g031q/workspace/Robot_sample/mbed/TARGET_NUCLEO_F446RE/TOOLCHAIN_GCC_ARM/stm32f4xx_ll_rng.o
LOAD C:/Users/g031q/workspace/Robot_sample/mbed/TARGET_NUCLEO_F446RE/TOOLCHAIN_GCC_ARM/stm32f4xx_ll_rtc.o
LOAD C:/Users/g031q/workspace/Robot_sample/mbed/TARGET_NUCLEO_F446RE/TOOLCHAIN_GCC_ARM/stm32f4xx_ll_sdmmc.o
LOAD C:/Users/g031q/workspace/Robot_sample/mbed/TARGET_NUCLEO_F446RE/TOOLCHAIN_GCC_ARM/stm32f4xx_ll_spi.o
LOAD C:/Users/g031q/workspace/Robot_sample/mbed/TARGET_NUCLEO_F446RE/TOOLCHAIN_GCC_ARM/stm32f4xx_ll_tim.o
LOAD C:/Users/g031q/workspace/Robot_sample/mbed/TARGET_NUCLEO_F446RE/TOOLCHAIN_GCC_ARM/stm32f4xx_ll_usart.o
LOAD C:/Users/g031q/workspace/Robot_sample/mbed/TARGET_NUCLEO_F446RE/TOOLCHAIN_GCC_ARM/stm32f4xx_ll_usb.o
LOAD C:/Users/g031q/workspace/Robot_sample/mbed/TARGET_NUCLEO_F446RE/TOOLCHAIN_GCC_ARM/stm32f4xx_ll_utils.o
LOAD C:/Users/g031q/workspace/Robot_sample/mbed/TARGET_NUCLEO_F446RE/TOOLCHAIN_GCC_ARM/stm_spi_api.o
LOAD C:/Users/g031q/workspace/Robot_sample/mbed/TARGET_NUCLEO_F446RE/TOOLCHAIN_GCC_ARM/system_clock.o
LOAD C:/Users/g031q/workspace/Robot_sample/mbed/TARGET_NUCLEO_F446RE/TOOLCHAIN_GCC_ARM/system_stm32f4xx.o
LOAD C:/Users/g031q/workspace/Robot_sample/mbed/TARGET_NUCLEO_F446RE/TOOLCHAIN_GCC_ARM/trng_api.o
LOAD C:/Users/g031q/workspace/Robot_sample/mbed/TARGET_NUCLEO_F446RE/TOOLCHAIN_GCC_ARM/us_ticker_16b.o
LOAD C:/Users/g031q/workspace/Robot_sample/mbed/TARGET_NUCLEO_F446RE/TOOLCHAIN_GCC_ARM/us_ticker_32b.o
LOAD C:\Users\g031q\workspace\Robot_sample\mbed\TARGET_NUCLEO_F446RE\TOOLCHAIN_GCC_ARM\libmbed.a
LOAD c:/ac6/systemworkbench/plugins/fr.ac6.mcu.externaltools.arm-none.win32_1.16.0.201807130628/tools/compiler/bin/../lib/gcc/arm-none-eabi/7.2.1/../../../../arm-none-eabi/lib/thumb/v7e-m/fpv4-sp/softfp\libm.a
LOAD c:/ac6/systemworkbench/plugins/fr.ac6.mcu.externaltools.arm-none.win32_1.16.0.201807130628/tools/compiler/bin/../lib/gcc/arm-none-eabi/7.2.1/../../../../arm-none-eabi/lib/thumb/v7e-m/fpv4-sp/softfp\libstdc++.a
LOAD c:/ac6/systemworkbench/plugins/fr.ac6.mcu.externaltools.arm-none.win32_1.16.0.201807130628/tools/compiler/bin/../lib/gcc/arm-none-eabi/7.2.1/../../../../arm-none-eabi/lib/thumb/v7e-m/fpv4-sp/softfp\libm.a
LOAD c:/ac6/systemworkbench/plugins/fr.ac6.mcu.externaltools.arm-none.win32_1.16.0.201807130628/tools/compiler/bin/../lib/gcc/arm-none-eabi/7.2.1/../../../../arm-none-eabi/lib/thumb/v7e-m/fpv4-sp/softfp\libc.a
START GROUP
LOAD c:/ac6/systemworkbench/plugins/fr.ac6.mcu.externaltools.arm-none.win32_1.16.0.201807130628/tools/compiler/bin/../lib/gcc/arm-none-eabi/7.2.1/thumb/v7e-m/fpv4-sp/softfp\libgcc.a
LOAD c:/ac6/systemworkbench/plugins/fr.ac6.mcu.externaltools.arm-none.win32_1.16.0.201807130628/tools/compiler/bin/../lib/gcc/arm-none-eabi/7.2.1/../../../../arm-none-eabi/lib/thumb/v7e-m/fpv4-sp/softfp\libc.a
END GROUP
LOAD c:/ac6/systemworkbench/plugins/fr.ac6.mcu.externaltools.arm-none.win32_1.16.0.201807130628/tools/compiler/bin/../lib/gcc/arm-none-eabi/7.2.1/thumb/v7e-m/fpv4-sp/softfp/crtend.o
LOAD c:/ac6/systemworkbench/plugins/fr.ac6.mcu.externaltools.arm-none.win32_1.16.0.201807130628/tools/compiler/bin/../lib/gcc/arm-none-eabi/7.2.1/thumb/v7e-m/fpv4-sp/softfp/crtn.o

.text           0x08000000    0x10ecc
 *(.isr_vector)
 .isr_vector    0x08000000      0x1c4 C:/Users/g031q/workspace/Robot_sample/mbed/TARGET_NUCLEO_F446RE/TOOLCHAIN_GCC_ARM/startup_stm32f446xx.o
                0x08000000                g_pfnVectors
 *(.text*)
 .text          0x080001c4       0x40 c:/ac6/systemworkbench/plugins/fr.ac6.mcu.externaltools.arm-none.win32_1.16.0.201807130628/tools/compiler/bin/../lib/gcc/arm-none-eabi/7.2.1/thumb/v7e-m/fpv4-sp/softfp/crtbegin.o
 .text          0x08000204       0x74 c:/ac6/systemworkbench/plugins/fr.ac6.mcu.externaltools.arm-none.win32_1.16.0.201807130628/tools/compiler/bin/../lib/gcc/arm-none-eabi/7.2.1/../../../../arm-none-eabi/lib/thumb/v7e-m/fpv4-sp/softfp/crt0.o
                0x08000204                _start
                0x08000204                _mainCRTStartup
 .text._ZN6BNO05516get_Euler_AnglesEP20BNO055_EULER_TypeDef
                0x08000278      0x164 BNO055_fusion/BNO055.o
                0x08000278                BNO055::get_Euler_Angles(BNO055_EULER_TypeDef*)
 .text._ZN6BNO05518change_fusion_modeEh
                0x080003dc      0x158 BNO055_fusion/BNO055.o
                0x080003dc                BNO055::change_fusion_mode(unsigned char)
 .text._ZN6BNO05510initializeEv
                0x08000534      0x194 BNO055_fusion/BNO055.o
                0x08000534                BNO055::initialize()
 .text._ZN6BNO0555resetEv
                0x080006c8      0x15c BNO055_fusion/BNO055.o
                0x080006c8                BNO055::reset()
 .text._ZN6BNO055C2ERN4mbed3I2CE7PinName
                0x08000824      0x1b4 BNO055_fusion/BNO055.o
                0x08000824                BNO055::BNO055(mbed::I2C&, PinName)
                0x08000824                BNO055::BNO055(mbed::I2C&, PinName)
 .text._ZN4mbed8AnalogInD2Ev
                0x080009d8        0x4 Ballsensor/Ballsensor.o
                0x080009d8                mbed::AnalogIn::~AnalogIn()
                0x080009d8                mbed::AnalogIn::~AnalogIn()
 .text._ZN4mbed8AnalogIn4lockEv
                0x080009dc       0x10 Ballsensor/Ballsensor.o
                0x080009dc                mbed::AnalogIn::lock()
 .text._ZN4mbed8AnalogIn6unlockEv
                0x080009ec       0x10 Ballsensor/Ballsensor.o
                0x080009ec                mbed::AnalogIn::unlock()
 .text._ZN4mbed8AnalogInD0Ev
                0x080009fc       0x10 Ballsensor/Ballsensor.o
                0x080009fc                mbed::AnalogIn::~AnalogIn()
 .text._ZN10BallsensorC2E7PinNameS0_
                0x08000a0c       0x4c Ballsensor/Ballsensor.o
                0x08000a0c                Ballsensor::Ballsensor(PinName, PinName)
                0x08000a0c                Ballsensor::Ballsensor(PinName, PinName)
 .text._ZN10Ballsensor6degreeEv
                0x08000a58       0x7c Ballsensor/Ballsensor.o
                0x08000a58                Ballsensor::degree()
 .text._ZN10Ballsensor8distanceEv
                0x08000ad4       0x34 Ballsensor/Ballsensor.o
                0x08000ad4                Ballsensor::distance()
 .text._ZN10LinesensorC2E7PinName
                0x08000b08       0x34 Linesensor/Linesensor.o
                0x08000b08                Linesensor::Linesensor(PinName)
                0x08000b08                Linesensor::Linesensor(PinName)
 *fill*         0x08000b3c        0x4 
 .text._ZN10Linesensor9directionEv
                0x08000b40      0x13c Linesensor/Linesensor.o
                0x08000b40                Linesensor::direction()
 *fill*         0x08000c7c        0x4 
 .text._ZN5MotorC2E7PinNameS0_S0_S0_S0_S0_
                0x08000c80      0x178 Motor/Motor.o
                0x08000c80                Motor::Motor(PinName, PinName, PinName, PinName, PinName, PinName)
                0x08000c80                Motor::Motor(PinName, PinName, PinName, PinName, PinName, PinName)
 .text._ZN5Motor12setPwmPeriodEf
                0x08000df8       0x74 Motor/Motor.o
                0x08000df8                Motor::setPwmPeriod(float)
 .text._ZN5Motor8setPowerEfff
                0x08000e6c      0x368 Motor/Motor.o
                0x08000e6c                Motor::setPower(float, float, float)
 *fill*         0x080011d4        0x4 
 .text._ZN5Motor10omniWheelsEiii
                0x080011d8      0x1bc Motor/Motor.o
                0x080011d8                Motor::omniWheels(int, int, int)
 .text._ZN4mbed8CallbackIFvvEE13function_callINS2_14method_contextI4PingMS5_FvvEEEEEvPKv
                0x08001394       0x20 Ping/Ping.o
                0x08001394                void mbed::Callback<void ()>::function_call<mbed::Callback<void ()>::method_context<Ping, void (Ping::*)()> >(void const*)
 .text._ZN4mbed8CallbackIFvvEE13function_moveINS2_14method_contextI4PingMS5_FvvEEEEEvPvPKv
                0x080013b4        0xc Ping/Ping.o
                0x080013b4                void mbed::Callback<void ()>::function_move<mbed::Callback<void ()>::method_context<Ping, void (Ping::*)()> >(void*, void const*)
 .text._ZN4mbed8CallbackIFvvEE13function_dtorINS2_14method_contextI4PingMS5_FvvEEEEEvPv
                0x080013c0        0x4 Ping/Ping.o
                0x080013c0                void mbed::Callback<void ()>::function_dtor<mbed::Callback<void ()>::method_context<Ping, void (Ping::*)()> >(void*)
 .text._ZN4Ping7_StartsEv
                0x080013c4       0x28 Ping/Ping.o
                0x080013c4                Ping::_Starts()
 .text._ZN4Ping6_StopsEv
                0x080013ec       0x24 Ping/Ping.o
                0x080013ec                Ping::_Stops()
 .text._ZN4PingC2E7PinName
                0x08001410       0xa8 Ping/Ping.o
                0x08001410                Ping::Ping(PinName)
                0x08001410                Ping::Ping(PinName)
 .text._ZN4Ping4SendEv
                0x080014b8       0x50 Ping/Ping.o
                0x080014b8                Ping::Send()
 .text._ZN4Ping18Set_Speed_of_SoundEi
                0x08001508        0x8 Ping/Ping.o
                0x08001508                Ping::Set_Speed_of_Sound(int)
 .text._ZN4Ping7Read_cmEv
                0x08001510       0x28 Ping/Ping.o
                0x08001510                Ping::Read_cm()
 .text._ZN4mbed3I2CD2Ev
                0x08001538       0x1c main.o
                0x08001538                mbed::I2C::~I2C()
                0x08001538                mbed::I2C::~I2C()
 .text._ZN10BallsensorD2Ev
                0x08001554        0x4 main.o
                0x08001554                Ballsensor::~Ballsensor()
                0x08001554                Ballsensor::~Ballsensor()
 .text._ZN10LinesensorD2Ev
                0x08001558        0x4 main.o
                0x08001558                Linesensor::~Linesensor()
                0x08001558                Linesensor::~Linesensor()
 .text._ZN4mbed6SerialD2Ev
                0x0800155c       0x80 main.o
                0x0800155c                mbed::Serial::~Serial()
                0x0800155c                mbed::Serial::~Serial()
                0x08001584                non-virtual thunk to mbed::Serial::~Serial()
                0x080015b0                non-virtual thunk to mbed::Serial::~Serial()
 .text._ZN5MotorD2Ev
                0x080015dc       0x94 main.o
                0x080015dc                Motor::~Motor()
                0x080015dc                Motor::~Motor()
 .text._ZN4mbed3I2CD0Ev
                0x08001670       0x24 main.o
                0x08001670                mbed::I2C::~I2C()
 .text.startup.main
                0x08001694      0x1cc main.o
                0x08001694                main
 .text._ZN4mbed6SerialD0Ev
                0x08001860       0x9c main.o
                0x08001860                mbed::Serial::~Serial()
                0x08001890                non-virtual thunk to mbed::Serial::~Serial()
                0x080018c8                non-virtual thunk to mbed::Serial::~Serial()
 .text.startup._GLOBAL__sub_I_pc
                0x080018fc      0x1ac main.o
 .text._ZN4PingD2Ev
                0x08001aa8       0x14 main.o
                0x08001aa8                Ping::~Ping()
                0x08001aa8                Ping::~Ping()
 .text.adc_read
                0x08001abc       0xb8 C:/Users/g031q/workspace/Robot_sample/mbed/TARGET_NUCLEO_F446RE/TOOLCHAIN_GCC_ARM/analogin_api.o
 .text.analogin_init
                0x08001b74      0x144 C:/Users/g031q/workspace/Robot_sample/mbed/TARGET_NUCLEO_F446RE/TOOLCHAIN_GCC_ARM/analogin_api.o
                0x08001b74                analogin_init
 .text.analogin_read
                0x08001cb8       0x20 C:/Users/g031q/workspace/Robot_sample/mbed/TARGET_NUCLEO_F446RE/TOOLCHAIN_GCC_ARM/analogin_api.o
                0x08001cb8                analogin_read
 .text.can_irq  0x08001cd8       0xf4 C:/Users/g031q/workspace/Robot_sample/mbed/TARGET_NUCLEO_F446RE/TOOLCHAIN_GCC_ARM/can_api.o
 .text.CAN1_SCE_IRQHandler
                0x08001dcc        0xc C:/Users/g031q/workspace/Robot_sample/mbed/TARGET_NUCLEO_F446RE/TOOLCHAIN_GCC_ARM/can_api.o
                0x08001dcc                CAN1_SCE_IRQHandler
 .text.CAN1_TX_IRQHandler
                0x08001dd8        0x4 C:/Users/g031q/workspace/Robot_sample/mbed/TARGET_NUCLEO_F446RE/TOOLCHAIN_GCC_ARM/can_api.o
                0x08001dd8                CAN1_TX_IRQHandler
 .text.CAN1_RX0_IRQHandler
                0x08001ddc        0x4 C:/Users/g031q/workspace/Robot_sample/mbed/TARGET_NUCLEO_F446RE/TOOLCHAIN_GCC_ARM/can_api.o
                0x08001ddc                CAN1_RX0_IRQHandler
 .text.CAN2_SCE_IRQHandler
                0x08001de0        0xc C:/Users/g031q/workspace/Robot_sample/mbed/TARGET_NUCLEO_F446RE/TOOLCHAIN_GCC_ARM/can_api.o
                0x08001de0                CAN2_SCE_IRQHandler
 .text.CAN2_TX_IRQHandler
                0x08001dec        0x4 C:/Users/g031q/workspace/Robot_sample/mbed/TARGET_NUCLEO_F446RE/TOOLCHAIN_GCC_ARM/can_api.o
                0x08001dec                CAN2_TX_IRQHandler
 .text.CAN2_RX0_IRQHandler
                0x08001df0        0x4 C:/Users/g031q/workspace/Robot_sample/mbed/TARGET_NUCLEO_F446RE/TOOLCHAIN_GCC_ARM/can_api.o
                0x08001df0                CAN2_RX0_IRQHandler
 .text.Set_GPIO_Clock
                0x08001df4      0x11c C:/Users/g031q/workspace/Robot_sample/mbed/TARGET_NUCLEO_F446RE/TOOLCHAIN_GCC_ARM/gpio_api.o
                0x08001df4                Set_GPIO_Clock
 .text.gpio_set
                0x08001f10       0x2c C:/Users/g031q/workspace/Robot_sample/mbed/TARGET_NUCLEO_F446RE/TOOLCHAIN_GCC_ARM/gpio_api.o
                0x08001f10                gpio_set
 .text.gpio_init
                0x08001f3c       0x40 C:/Users/g031q/workspace/Robot_sample/mbed/TARGET_NUCLEO_F446RE/TOOLCHAIN_GCC_ARM/gpio_api.o
                0x08001f3c                gpio_init
 .text.gpio_mode
                0x08001f7c        0x8 C:/Users/g031q/workspace/Robot_sample/mbed/TARGET_NUCLEO_F446RE/TOOLCHAIN_GCC_ARM/gpio_api.o
                0x08001f7c                gpio_mode
 .text.gpio_dir
                0x08001f84       0x52 C:/Users/g031q/workspace/Robot_sample/mbed/TARGET_NUCLEO_F446RE/TOOLCHAIN_GCC_ARM/gpio_api.o
                0x08001f84                gpio_dir
 *fill*         0x08001fd6        0x2 
 .text.handle_interrupt_in
                0x08001fd8       0x78 C:/Users/g031q/workspace/Robot_sample/mbed/TARGET_NUCLEO_F446RE/TOOLCHAIN_GCC_ARM/gpio_irq_api.o
 .text.gpio_irq6
                0x08002050        0x8 C:/Users/g031q/workspace/Robot_sample/mbed/TARGET_NUCLEO_F446RE/TOOLCHAIN_GCC_ARM/gpio_irq_api.o
 .text.gpio_irq5
                0x08002058        0x8 C:/Users/g031q/workspace/Robot_sample/mbed/TARGET_NUCLEO_F446RE/TOOLCHAIN_GCC_ARM/gpio_irq_api.o
 .text.gpio_irq4
                0x08002060        0x8 C:/Users/g031q/workspace/Robot_sample/mbed/TARGET_NUCLEO_F446RE/TOOLCHAIN_GCC_ARM/gpio_irq_api.o
 .text.gpio_irq3
                0x08002068        0x8 C:/Users/g031q/workspace/Robot_sample/mbed/TARGET_NUCLEO_F446RE/TOOLCHAIN_GCC_ARM/gpio_irq_api.o
 .text.gpio_irq2
                0x08002070        0x8 C:/Users/g031q/workspace/Robot_sample/mbed/TARGET_NUCLEO_F446RE/TOOLCHAIN_GCC_ARM/gpio_irq_api.o
 .text.gpio_irq1
                0x08002078        0x8 C:/Users/g031q/workspace/Robot_sample/mbed/TARGET_NUCLEO_F446RE/TOOLCHAIN_GCC_ARM/gpio_irq_api.o
 .text.gpio_irq0
                0x08002080        0x8 C:/Users/g031q/workspace/Robot_sample/mbed/TARGET_NUCLEO_F446RE/TOOLCHAIN_GCC_ARM/gpio_irq_api.o
 .text.gpio_irq_set
                0x08002088       0x78 C:/Users/g031q/workspace/Robot_sample/mbed/TARGET_NUCLEO_F446RE/TOOLCHAIN_GCC_ARM/gpio_irq_api.o
                0x08002088                gpio_irq_set
 .text.gpio_irq_enable
                0x08002100       0x78 C:/Users/g031q/workspace/Robot_sample/mbed/TARGET_NUCLEO_F446RE/TOOLCHAIN_GCC_ARM/gpio_irq_api.o
                0x08002100                gpio_irq_enable
 .text.gpio_irq_init
                0x08002178      0x118 C:/Users/g031q/workspace/Robot_sample/mbed/TARGET_NUCLEO_F446RE/TOOLCHAIN_GCC_ARM/gpio_irq_api.o
                0x08002178                gpio_irq_init
 .text.gpio_irq_disable
                0x08002290       0x6c C:/Users/g031q/workspace/Robot_sample/mbed/TARGET_NUCLEO_F446RE/TOOLCHAIN_GCC_ARM/gpio_irq_api.o
                0x08002290                gpio_irq_disable
 .text.gpio_irq_free
                0x080022fc       0x54 C:/Users/g031q/workspace/Robot_sample/mbed/TARGET_NUCLEO_F446RE/TOOLCHAIN_GCC_ARM/gpio_irq_api.o
                0x080022fc                gpio_irq_free
 .text.timer_irq_handler
                0x08002350       0x58 C:/Users/g031q/workspace/Robot_sample/mbed/TARGET_NUCLEO_F446RE/TOOLCHAIN_GCC_ARM/hal_tick_32b.o
                0x08002350                timer_irq_handler
 .text.HAL_InitTick
                0x080023a8       0xc8 C:/Users/g031q/workspace/Robot_sample/mbed/TARGET_NUCLEO_F446RE/TOOLCHAIN_GCC_ARM/hal_tick_32b.o
                0x080023a8                HAL_InitTick
 .text.i2c5_irq
                0x08002470       0x1c C:/Users/g031q/workspace/Robot_sample/mbed/TARGET_NUCLEO_F446RE/TOOLCHAIN_GCC_ARM/i2c_api.o
 .text.i2c3_irq
                0x0800248c       0x1c C:/Users/g031q/workspace/Robot_sample/mbed/TARGET_NUCLEO_F446RE/TOOLCHAIN_GCC_ARM/i2c_api.o
 .text.i2c2_irq
                0x080024a8       0x1c C:/Users/g031q/workspace/Robot_sample/mbed/TARGET_NUCLEO_F446RE/TOOLCHAIN_GCC_ARM/i2c_api.o
 .text.i2c1_irq
                0x080024c4       0x1c C:/Users/g031q/workspace/Robot_sample/mbed/TARGET_NUCLEO_F446RE/TOOLCHAIN_GCC_ARM/i2c_api.o
 .text.i2c_ev_err_enable
                0x080024e0       0xa8 C:/Users/g031q/workspace/Robot_sample/mbed/TARGET_NUCLEO_F446RE/TOOLCHAIN_GCC_ARM/i2c_api.o
                0x080024e0                i2c_ev_err_enable
 .text.i2c_ev_err_disable
                0x08002588       0x18 C:/Users/g031q/workspace/Robot_sample/mbed/TARGET_NUCLEO_F446RE/TOOLCHAIN_GCC_ARM/i2c_api.o
                0x08002588                i2c_ev_err_disable
 .text.i2c_get_irq_handler
                0x080025a0       0x44 C:/Users/g031q/workspace/Robot_sample/mbed/TARGET_NUCLEO_F446RE/TOOLCHAIN_GCC_ARM/i2c_api.o
                0x080025a0                i2c_get_irq_handler
 .text.i2c_hw_reset
                0x080025e4       0x98 C:/Users/g031q/workspace/Robot_sample/mbed/TARGET_NUCLEO_F446RE/TOOLCHAIN_GCC_ARM/i2c_api.o
                0x080025e4                i2c_hw_reset
 .text.i2c_frequency
                0x0800267c       0x50 C:/Users/g031q/workspace/Robot_sample/mbed/TARGET_NUCLEO_F446RE/TOOLCHAIN_GCC_ARM/i2c_api.o
                0x0800267c                i2c_frequency
 .text.i2c_init
                0x080026cc      0x1e0 C:/Users/g031q/workspace/Robot_sample/mbed/TARGET_NUCLEO_F446RE/TOOLCHAIN_GCC_ARM/i2c_api.o
                0x080026cc                i2c_init
 .text.i2c_stop
                0x080028ac       0x24 C:/Users/g031q/workspace/Robot_sample/mbed/TARGET_NUCLEO_F446RE/TOOLCHAIN_GCC_ARM/i2c_api.o
                0x080028ac                i2c_stop
 .text.i2c_read
                0x080028d0       0xbc C:/Users/g031q/workspace/Robot_sample/mbed/TARGET_NUCLEO_F446RE/TOOLCHAIN_GCC_ARM/i2c_api.o
                0x080028d0                i2c_read
 .text.i2c_write
                0x0800298c       0xbc C:/Users/g031q/workspace/Robot_sample/mbed/TARGET_NUCLEO_F446RE/TOOLCHAIN_GCC_ARM/i2c_api.o
                0x0800298c                i2c_write
 .text.HAL_I2C_MasterTxCpltCallback
                0x08002a48       0x3e C:/Users/g031q/workspace/Robot_sample/mbed/TARGET_NUCLEO_F446RE/TOOLCHAIN_GCC_ARM/i2c_api.o
                0x08002a48                HAL_I2C_MasterTxCpltCallback
 .text.HAL_I2C_MasterRxCpltCallback
                0x08002a86        0x8 C:/Users/g031q/workspace/Robot_sample/mbed/TARGET_NUCLEO_F446RE/TOOLCHAIN_GCC_ARM/i2c_api.o
                0x08002a86                HAL_I2C_MasterRxCpltCallback
 .text.i2c_slave_address
                0x08002a8e       0x26 C:/Users/g031q/workspace/Robot_sample/mbed/TARGET_NUCLEO_F446RE/TOOLCHAIN_GCC_ARM/i2c_api.o
                0x08002a8e                i2c_slave_address
 .text.HAL_I2C_ErrorCallback
                0x08002ab4       0x38 C:/Users/g031q/workspace/Robot_sample/mbed/TARGET_NUCLEO_F446RE/TOOLCHAIN_GCC_ARM/i2c_api.o
                0x08002ab4                HAL_I2C_ErrorCallback
 .text.HAL_I2C_AddrCallback
                0x08002aec       0x14 C:/Users/g031q/workspace/Robot_sample/mbed/TARGET_NUCLEO_F446RE/TOOLCHAIN_GCC_ARM/i2c_api.o
                0x08002aec                HAL_I2C_AddrCallback
 .text.HAL_I2C_SlaveTxCpltCallback
                0x08002b00        0x8 C:/Users/g031q/workspace/Robot_sample/mbed/TARGET_NUCLEO_F446RE/TOOLCHAIN_GCC_ARM/i2c_api.o
                0x08002b00                HAL_I2C_SlaveTxCpltCallback
 .text.HAL_I2C_SlaveRxCpltCallback
                0x08002b08        0x8 C:/Users/g031q/workspace/Robot_sample/mbed/TARGET_NUCLEO_F446RE/TOOLCHAIN_GCC_ARM/i2c_api.o
                0x08002b08                HAL_I2C_SlaveRxCpltCallback
 .text.HAL_I2C_ListenCpltCallback
                0x08002b10        0x4 C:/Users/g031q/workspace/Robot_sample/mbed/TARGET_NUCLEO_F446RE/TOOLCHAIN_GCC_ARM/i2c_api.o
                0x08002b10                HAL_I2C_ListenCpltCallback
 .text.HAL_I2C_AbortCpltCallback
                0x08002b14       0x1c C:/Users/g031q/workspace/Robot_sample/mbed/TARGET_NUCLEO_F446RE/TOOLCHAIN_GCC_ARM/i2c_api.o
                0x08002b14                HAL_I2C_AbortCpltCallback
 .text.mbed_die
                0x08002b30       0x56 C:/Users/g031q/workspace/Robot_sample/mbed/TARGET_NUCLEO_F446RE/TOOLCHAIN_GCC_ARM/mbed_board.o
                0x08002b30                mbed_die
 *fill*         0x08002b86        0x2 
 .text.mbed_error_vfprintf
                0x08002b88       0x54 C:/Users/g031q/workspace/Robot_sample/mbed/TARGET_NUCLEO_F446RE/TOOLCHAIN_GCC_ARM/mbed_board.o
                0x08002b88                mbed_error_vfprintf
 .text.mbed_error_printf
                0x08002bdc       0x1a C:/Users/g031q/workspace/Robot_sample/mbed/TARGET_NUCLEO_F446RE/TOOLCHAIN_GCC_ARM/mbed_board.o
                0x08002bdc                mbed_error_printf
 .text.mbed_sdk_init
                0x08002bf6       0x16 C:/Users/g031q/workspace/Robot_sample/mbed/TARGET_NUCLEO_F446RE/TOOLCHAIN_GCC_ARM/mbed_overrides.o
                0x08002bf6                mbed_sdk_init
 .text._ZL11init_serialv
                0x08002c0c       0x2c C:/Users/g031q/workspace/Robot_sample/mbed/TARGET_NUCLEO_F446RE/TOOLCHAIN_GCC_ARM/mbed_retarget.o
 .text._close   0x08002c38       0x40 C:/Users/g031q/workspace/Robot_sample/mbed/TARGET_NUCLEO_F446RE/TOOLCHAIN_GCC_ARM/mbed_retarget.o
                0x08002c38                _close
 .text._write   0x08002c78       0x64 C:/Users/g031q/workspace/Robot_sample/mbed/TARGET_NUCLEO_F446RE/TOOLCHAIN_GCC_ARM/mbed_retarget.o
                0x08002c78                _write
 .text._read    0x08002cdc       0x58 C:/Users/g031q/workspace/Robot_sample/mbed/TARGET_NUCLEO_F446RE/TOOLCHAIN_GCC_ARM/mbed_retarget.o
                0x08002cdc                _read
 .text._isatty  0x08002d34       0x3c C:/Users/g031q/workspace/Robot_sample/mbed/TARGET_NUCLEO_F446RE/TOOLCHAIN_GCC_ARM/mbed_retarget.o
                0x08002d34                _isatty
 .text._lseek   0x08002d70       0x44 C:/Users/g031q/workspace/Robot_sample/mbed/TARGET_NUCLEO_F446RE/TOOLCHAIN_GCC_ARM/mbed_retarget.o
                0x08002d70                _lseek
 .text._fstat   0x08002db4       0x50 C:/Users/g031q/workspace/Robot_sample/mbed/TARGET_NUCLEO_F446RE/TOOLCHAIN_GCC_ARM/mbed_retarget.o
                0x08002db4                _fstat
 .text.__cxa_pure_virtual
                0x08002e04        0x8 C:/Users/g031q/workspace/Robot_sample/mbed/TARGET_NUCLEO_F446RE/TOOLCHAIN_GCC_ARM/mbed_retarget.o
                0x08002e04                __cxa_pure_virtual
 .text._sbrk    0x08002e0c       0x44 C:/Users/g031q/workspace/Robot_sample/mbed/TARGET_NUCLEO_F446RE/TOOLCHAIN_GCC_ARM/mbed_retarget.o
                0x08002e0c                _sbrk
 .text._exit    0x08002e50       0x24 C:/Users/g031q/workspace/Robot_sample/mbed/TARGET_NUCLEO_F446RE/TOOLCHAIN_GCC_ARM/mbed_retarget.o
                0x08002e50                _exit
 .text.__aeabi_atexit
                0x08002e74        0x4 C:/Users/g031q/workspace/Robot_sample/mbed/TARGET_NUCLEO_F446RE/TOOLCHAIN_GCC_ARM/mbed_retarget.o
                0x08002e74                __aeabi_atexit
 .text.__wrap_exit
                0x08002e78        0x6 C:/Users/g031q/workspace/Robot_sample/mbed/TARGET_NUCLEO_F446RE/TOOLCHAIN_GCC_ARM/mbed_retarget.o
                0x08002e78                __wrap_exit
 .text.__wrap_atexit
                0x08002e7e        0x4 C:/Users/g031q/workspace/Robot_sample/mbed/TARGET_NUCLEO_F446RE/TOOLCHAIN_GCC_ARM/mbed_retarget.o
                0x08002e7e                __wrap_atexit
 .text._ZN4mbed26mbed_set_unbuffered_streamEP7__sFILE
                0x08002e82        0x6 C:/Users/g031q/workspace/Robot_sample/mbed/TARGET_NUCLEO_F446RE/TOOLCHAIN_GCC_ARM/mbed_retarget.o
                0x08002e82                mbed::mbed_set_unbuffered_stream(__sFILE*)
 .text._ZN4mbed11mbed_fdopenEPNS_10FileHandleEPKc
                0x08002e88       0x3c C:/Users/g031q/workspace/Robot_sample/mbed/TARGET_NUCLEO_F446RE/TOOLCHAIN_GCC_ARM/mbed_retarget.o
                0x08002e88                mbed::mbed_fdopen(mbed::FileHandle*, char const*)
 .text._ZN4mbed9mbed_getcEP7__sFILE
                0x08002ec4        0x4 C:/Users/g031q/workspace/Robot_sample/mbed/TARGET_NUCLEO_F446RE/TOOLCHAIN_GCC_ARM/mbed_retarget.o
                0x08002ec4                mbed::mbed_getc(__sFILE*)
 .text.__rtos_malloc_lock
                0x08002ec8        0x2 C:/Users/g031q/workspace/Robot_sample/mbed/TARGET_NUCLEO_F446RE/TOOLCHAIN_GCC_ARM/mbed_retarget.o
                0x08002ec8                __rtos_malloc_lock
 .text.__rtos_malloc_unlock
                0x08002eca        0x2 C:/Users/g031q/workspace/Robot_sample/mbed/TARGET_NUCLEO_F446RE/TOOLCHAIN_GCC_ARM/mbed_retarget.o
                0x08002eca                __rtos_malloc_unlock
 .text.__malloc_lock
                0x08002ecc        0x8 C:/Users/g031q/workspace/Robot_sample/mbed/TARGET_NUCLEO_F446RE/TOOLCHAIN_GCC_ARM/mbed_retarget.o
                0x08002ecc                __malloc_lock
 .text.__malloc_unlock
                0x08002ed4        0x8 C:/Users/g031q/workspace/Robot_sample/mbed/TARGET_NUCLEO_F446RE/TOOLCHAIN_GCC_ARM/mbed_retarget.o
                0x08002ed4                __malloc_unlock
 .text._ZdaPv   0x08002edc        0x8 C:/Users/g031q/workspace/Robot_sample/mbed/TARGET_NUCLEO_F446RE/TOOLCHAIN_GCC_ARM/mbed_retarget.o
                0x08002edc                operator delete[](void*)
 .text._ZdlPv   0x08002ee4        0x4 C:/Users/g031q/workspace/Robot_sample/mbed/TARGET_NUCLEO_F446RE/TOOLCHAIN_GCC_ARM/mbed_retarget.o
                0x08002ee4                operator delete(void*)
 .text._ZN12SingletonPtrI13PlatformMutexE3getEv
                0x08002ee8       0x2c C:/Users/g031q/workspace/Robot_sample/mbed/TARGET_NUCLEO_F446RE/TOOLCHAIN_GCC_ARM/mbed_retarget.o
                0x08002ee8                SingletonPtr<PlatformMutex>::get()
 .text._ZN4mbed17remove_filehandleEPNS_10FileHandleE
                0x08002f14       0x34 C:/Users/g031q/workspace/Robot_sample/mbed/TARGET_NUCLEO_F446RE/TOOLCHAIN_GCC_ARM/mbed_retarget.o
                0x08002f14                mbed::remove_filehandle(mbed::FileHandle*)
 .text._open    0x08002f48      0x11c C:/Users/g031q/workspace/Robot_sample/mbed/TARGET_NUCLEO_F446RE/TOOLCHAIN_GCC_ARM/mbed_retarget.o
                0x08002f48                _open
 .text.mbed_main
                0x08003064        0x2 C:/Users/g031q/workspace/Robot_sample/mbed/TARGET_NUCLEO_F446RE/TOOLCHAIN_GCC_ARM/mbed_sdk_boot.o
                0x08003064                mbed_main
 .text.software_init_hook_rtos
                0x08003066        0x2 C:/Users/g031q/workspace/Robot_sample/mbed/TARGET_NUCLEO_F446RE/TOOLCHAIN_GCC_ARM/mbed_sdk_boot.o
                0x08003066                software_init_hook_rtos
 .text.mbed_copy_nvic
                0x08003068       0x2c C:/Users/g031q/workspace/Robot_sample/mbed/TARGET_NUCLEO_F446RE/TOOLCHAIN_GCC_ARM/mbed_sdk_boot.o
                0x08003068                mbed_copy_nvic
 .text.software_init_hook
                0x08003094       0x10 C:/Users/g031q/workspace/Robot_sample/mbed/TARGET_NUCLEO_F446RE/TOOLCHAIN_GCC_ARM/mbed_sdk_boot.o
                0x08003094                software_init_hook
 .text.__wrap_main
                0x080030a4        0xe C:/Users/g031q/workspace/Robot_sample/mbed/TARGET_NUCLEO_F446RE/TOOLCHAIN_GCC_ARM/mbed_sdk_boot.o
                0x080030a4                __wrap_main
 .text.LL_GPIO_SetPinPull
                0x080030b2       0x2c C:/Users/g031q/workspace/Robot_sample/mbed/TARGET_NUCLEO_F446RE/TOOLCHAIN_GCC_ARM/pinmap.o
 .text.stm_pin_PullConfig
                0x080030de        0xe C:/Users/g031q/workspace/Robot_sample/mbed/TARGET_NUCLEO_F446RE/TOOLCHAIN_GCC_ARM/pinmap.o
 .text.pin_function
                0x080030ec      0x130 C:/Users/g031q/workspace/Robot_sample/mbed/TARGET_NUCLEO_F446RE/TOOLCHAIN_GCC_ARM/pinmap.o
                0x080030ec                pin_function
 .text.pin_mode
                0x0800321c       0x88 C:/Users/g031q/workspace/Robot_sample/mbed/TARGET_NUCLEO_F446RE/TOOLCHAIN_GCC_ARM/pinmap.o
                0x0800321c                pin_mode
 .text.pwmout_write
                0x080032a4       0xb4 C:/Users/g031q/workspace/Robot_sample/mbed/TARGET_NUCLEO_F446RE/TOOLCHAIN_GCC_ARM/pwmout_api.o
                0x080032a4                pwmout_write
 .text.pwmout_read
                0x08003358       0x3c C:/Users/g031q/workspace/Robot_sample/mbed/TARGET_NUCLEO_F446RE/TOOLCHAIN_GCC_ARM/pwmout_api.o
                0x08003358                pwmout_read
 .text.pwmout_period_us
                0x08003394      0x144 C:/Users/g031q/workspace/Robot_sample/mbed/TARGET_NUCLEO_F446RE/TOOLCHAIN_GCC_ARM/pwmout_api.o
                0x08003394                pwmout_period_us
 .text.pwmout_init
                0x080034d8      0x218 C:/Users/g031q/workspace/Robot_sample/mbed/TARGET_NUCLEO_F446RE/TOOLCHAIN_GCC_ARM/pwmout_api.o
                0x080034d8                pwmout_init
 .text.pwmout_period
                0x080036f0       0x1c C:/Users/g031q/workspace/Robot_sample/mbed/TARGET_NUCLEO_F446RE/TOOLCHAIN_GCC_ARM/pwmout_api.o
                0x080036f0                pwmout_period
 .text.init_uart
                0x0800370c       0x64 C:/Users/g031q/workspace/Robot_sample/mbed/TARGET_NUCLEO_F446RE/TOOLCHAIN_GCC_ARM/serial_api.o
                0x0800370c                init_uart
 .text.serial_readable
                0x08003770       0x2c C:/Users/g031q/workspace/Robot_sample/mbed/TARGET_NUCLEO_F446RE/TOOLCHAIN_GCC_ARM/serial_api.o
                0x08003770                serial_readable
 .text.serial_writable
                0x0800379c       0x14 C:/Users/g031q/workspace/Robot_sample/mbed/TARGET_NUCLEO_F446RE/TOOLCHAIN_GCC_ARM/serial_api.o
                0x0800379c                serial_writable
 .text.__NVIC_EnableIRQ
                0x080037b0       0x1c C:/Users/g031q/workspace/Robot_sample/mbed/TARGET_NUCLEO_F446RE/TOOLCHAIN_GCC_ARM/serial_device.o
 .text.__NVIC_DisableIRQ
                0x080037cc       0x28 C:/Users/g031q/workspace/Robot_sample/mbed/TARGET_NUCLEO_F446RE/TOOLCHAIN_GCC_ARM/serial_device.o
 .text.uart_irq
                0x080037f4       0x64 C:/Users/g031q/workspace/Robot_sample/mbed/TARGET_NUCLEO_F446RE/TOOLCHAIN_GCC_ARM/serial_device.o
 .text.uart1_irq
                0x08003858        0x6 C:/Users/g031q/workspace/Robot_sample/mbed/TARGET_NUCLEO_F446RE/TOOLCHAIN_GCC_ARM/serial_device.o
 .text.uart2_irq
                0x0800385e        0x6 C:/Users/g031q/workspace/Robot_sample/mbed/TARGET_NUCLEO_F446RE/TOOLCHAIN_GCC_ARM/serial_device.o
 .text.uart3_irq
                0x08003864        0x6 C:/Users/g031q/workspace/Robot_sample/mbed/TARGET_NUCLEO_F446RE/TOOLCHAIN_GCC_ARM/serial_device.o
 .text.uart4_irq
                0x0800386a        0x6 C:/Users/g031q/workspace/Robot_sample/mbed/TARGET_NUCLEO_F446RE/TOOLCHAIN_GCC_ARM/serial_device.o
 .text.uart5_irq
                0x08003870        0x6 C:/Users/g031q/workspace/Robot_sample/mbed/TARGET_NUCLEO_F446RE/TOOLCHAIN_GCC_ARM/serial_device.o
 .text.uart6_irq
                0x08003876        0x6 C:/Users/g031q/workspace/Robot_sample/mbed/TARGET_NUCLEO_F446RE/TOOLCHAIN_GCC_ARM/serial_device.o
 .text.serial_init
                0x0800387c      0x1f8 C:/Users/g031q/workspace/Robot_sample/mbed/TARGET_NUCLEO_F446RE/TOOLCHAIN_GCC_ARM/serial_device.o
                0x0800387c                serial_init
 .text.serial_baud
                0x08003a74        0x6 C:/Users/g031q/workspace/Robot_sample/mbed/TARGET_NUCLEO_F446RE/TOOLCHAIN_GCC_ARM/serial_device.o
                0x08003a74                serial_baud
 *fill*         0x08003a7a        0x2 
 .text.serial_irq_handler
                0x08003a7c       0x18 C:/Users/g031q/workspace/Robot_sample/mbed/TARGET_NUCLEO_F446RE/TOOLCHAIN_GCC_ARM/serial_device.o
                0x08003a7c                serial_irq_handler
 .text.serial_irq_set
                0x08003a94       0xb0 C:/Users/g031q/workspace/Robot_sample/mbed/TARGET_NUCLEO_F446RE/TOOLCHAIN_GCC_ARM/serial_device.o
                0x08003a94                serial_irq_set
 .text.serial_getc
                0x08003b44       0x24 C:/Users/g031q/workspace/Robot_sample/mbed/TARGET_NUCLEO_F446RE/TOOLCHAIN_GCC_ARM/serial_device.o
                0x08003b44                serial_getc
 .text.serial_putc
                0x08003b68       0x24 C:/Users/g031q/workspace/Robot_sample/mbed/TARGET_NUCLEO_F446RE/TOOLCHAIN_GCC_ARM/serial_device.o
                0x08003b68                serial_putc
 .text.Reset_Handler
                0x08003b8c       0x34 C:/Users/g031q/workspace/Robot_sample/mbed/TARGET_NUCLEO_F446RE/TOOLCHAIN_GCC_ARM/startup_stm32f446xx.o
                0x08003b8c                Reset_Handler
 .text.Default_Handler
                0x08003bc0        0x2 C:/Users/g031q/workspace/Robot_sample/mbed/TARGET_NUCLEO_F446RE/TOOLCHAIN_GCC_ARM/startup_stm32f446xx.o
                0x08003bc0                RTC_Alarm_IRQHandler
                0x08003bc0                EXTI2_IRQHandler
                0x08003bc0                TIM8_CC_IRQHandler
                0x08003bc0                DebugMon_Handler
                0x08003bc0                SPI4_IRQHandler
                0x08003bc0                TIM1_CC_IRQHandler
                0x08003bc0                QuadSPI_IRQHandler
                0x08003bc0                DMA2_Stream5_IRQHandler
                0x08003bc0                HardFault_Handler
                0x08003bc0                DMA1_Stream5_IRQHandler
                0x08003bc0                SysTick_Handler
                0x08003bc0                PVD_IRQHandler
                0x08003bc0                SDIO_IRQHandler
                0x08003bc0                TAMP_STAMP_IRQHandler
                0x08003bc0                PendSV_Handler
                0x08003bc0                NMI_Handler
                0x08003bc0                CAN2_RX1_IRQHandler
                0x08003bc0                EXTI3_IRQHandler
                0x08003bc0                TIM8_TRG_COM_TIM14_IRQHandler
                0x08003bc0                TIM1_UP_TIM10_IRQHandler
                0x08003bc0                TIM8_UP_TIM13_IRQHandler
                0x08003bc0                I2C3_ER_IRQHandler
                0x08003bc0                FMPI2C1_Event_IRQHandler
                0x08003bc0                EXTI0_IRQHandler
                0x08003bc0                I2C2_EV_IRQHandler
                0x08003bc0                DMA1_Stream2_IRQHandler
                0x08003bc0                FPU_IRQHandler
                0x08003bc0                OTG_HS_WKUP_IRQHandler
                0x08003bc0                UsageFault_Handler
                0x08003bc0                DMA2_Stream2_IRQHandler
                0x08003bc0                SPI1_IRQHandler
                0x08003bc0                TIM6_DAC_IRQHandler
                0x08003bc0                TIM1_BRK_TIM9_IRQHandler
                0x08003bc0                DCMI_IRQHandler
                0x08003bc0                DMA2_Stream3_IRQHandler
                0x08003bc0                SAI2_IRQHandler
                0x08003bc0                USART6_IRQHandler
                0x08003bc0                USART3_IRQHandler
                0x08003bc0                CAN1_RX1_IRQHandler
                0x08003bc0                UART5_IRQHandler
                0x08003bc0                DMA2_Stream0_IRQHandler
                0x08003bc0                TIM4_IRQHandler
                0x08003bc0                I2C1_EV_IRQHandler
                0x08003bc0                DMA1_Stream6_IRQHandler
                0x08003bc0                DMA1_Stream1_IRQHandler
                0x08003bc0                UART4_IRQHandler
                0x08003bc0                TIM3_IRQHandler
                0x08003bc0                RCC_IRQHandler
                0x08003bc0                TIM8_BRK_TIM12_IRQHandler
                0x08003bc0                Default_Handler
                0x08003bc0                CEC_IRQHandler
                0x08003bc0                EXTI15_10_IRQHandler
                0x08003bc0                ADC_IRQHandler
                0x08003bc0                DMA1_Stream7_IRQHandler
                0x08003bc0                TIM7_IRQHandler
                0x08003bc0                TIM5_IRQHandler
                0x08003bc0                DMA2_Stream7_IRQHandler
                0x08003bc0                I2C3_EV_IRQHandler
                0x08003bc0                EXTI9_5_IRQHandler
                0x08003bc0                RTC_WKUP_IRQHandler
                0x08003bc0                SPDIF_RX_IRQHandler
                0x08003bc0                SPI2_IRQHandler
                0x08003bc0                OTG_HS_EP1_IN_IRQHandler
                0x08003bc0                MemManage_Handler
                0x08003bc0                DMA1_Stream0_IRQHandler
                0x08003bc0                SVC_Handler
                0x08003bc0                EXTI4_IRQHandler
                0x08003bc0                OTG_HS_EP1_OUT_IRQHandler
                0x08003bc0                WWDG_IRQHandler
                0x08003bc0                TIM2_IRQHandler
                0x08003bc0                OTG_FS_WKUP_IRQHandler
                0x08003bc0                TIM1_TRG_COM_TIM11_IRQHandler
                0x08003bc0                OTG_HS_IRQHandler
                0x08003bc0                EXTI1_IRQHandler
                0x08003bc0                USART2_IRQHandler
                0x08003bc0                I2C2_ER_IRQHandler
                0x08003bc0                DMA2_Stream1_IRQHandler
                0x08003bc0                FLASH_IRQHandler
                0x08003bc0                DMA2_Stream4_IRQHandler
                0x08003bc0                BusFault_Handler
                0x08003bc0                USART1_IRQHandler
                0x08003bc0                OTG_FS_IRQHandler
                0x08003bc0                SPI3_IRQHandler
                0x08003bc0                DMA1_Stream4_IRQHandler
                0x08003bc0                I2C1_ER_IRQHandler
                0x08003bc0                FMC_IRQHandler
                0x08003bc0                DMA2_Stream6_IRQHandler
                0x08003bc0                SAI1_IRQHandler
                0x08003bc0                DMA1_Stream3_IRQHandler
                0x08003bc0                FMPI2C1_Error_IRQHandler
 *fill*         0x08003bc2        0x2 
 .text.HAL_Init
                0x08003bc4       0x30 C:/Users/g031q/workspace/Robot_sample/mbed/TARGET_NUCLEO_F446RE/TOOLCHAIN_GCC_ARM/stm32f4xx_hal.o
                0x08003bc4                HAL_Init
 .text.HAL_IncTick
                0x08003bf4       0x10 C:/Users/g031q/workspace/Robot_sample/mbed/TARGET_NUCLEO_F446RE/TOOLCHAIN_GCC_ARM/stm32f4xx_hal.o
                0x08003bf4                HAL_IncTick
 .text.HAL_GetTick
                0x08003c04        0xc C:/Users/g031q/workspace/Robot_sample/mbed/TARGET_NUCLEO_F446RE/TOOLCHAIN_GCC_ARM/stm32f4xx_hal.o
                0x08003c04                HAL_GetTick
 .text.HAL_ADC_MspInit
                0x08003c10        0x2 C:/Users/g031q/workspace/Robot_sample/mbed/TARGET_NUCLEO_F446RE/TOOLCHAIN_GCC_ARM/stm32f4xx_hal_adc.o
                0x08003c10                HAL_ADC_MspInit
 *fill*         0x08003c12        0x2 
 .text.HAL_ADC_Init
                0x08003c14      0x154 C:/Users/g031q/workspace/Robot_sample/mbed/TARGET_NUCLEO_F446RE/TOOLCHAIN_GCC_ARM/stm32f4xx_hal_adc.o
                0x08003c14                HAL_ADC_Init
 .text.HAL_ADC_Start
                0x08003d68       0xc0 C:/Users/g031q/workspace/Robot_sample/mbed/TARGET_NUCLEO_F446RE/TOOLCHAIN_GCC_ARM/stm32f4xx_hal_adc.o
                0x08003d68                HAL_ADC_Start
 .text.HAL_ADC_PollForConversion
                0x08003e28       0xa0 C:/Users/g031q/workspace/Robot_sample/mbed/TARGET_NUCLEO_F446RE/TOOLCHAIN_GCC_ARM/stm32f4xx_hal_adc.o
                0x08003e28                HAL_ADC_PollForConversion
 .text.HAL_ADC_GetValue
                0x08003ec8        0x6 C:/Users/g031q/workspace/Robot_sample/mbed/TARGET_NUCLEO_F446RE/TOOLCHAIN_GCC_ARM/stm32f4xx_hal_adc.o
                0x08003ec8                HAL_ADC_GetValue
 *fill*         0x08003ece        0x2 
 .text.HAL_ADC_ConfigChannel
                0x08003ed0      0x130 C:/Users/g031q/workspace/Robot_sample/mbed/TARGET_NUCLEO_F446RE/TOOLCHAIN_GCC_ARM/stm32f4xx_hal_adc.o
                0x08003ed0                HAL_ADC_ConfigChannel
 .text.HAL_NVIC_DisableIRQ
                0x08004000       0x28 C:/Users/g031q/workspace/Robot_sample/mbed/TARGET_NUCLEO_F446RE/TOOLCHAIN_GCC_ARM/stm32f4xx_hal_cortex.o
                0x08004000                HAL_NVIC_DisableIRQ
 .text.HAL_DMA_Abort_IT
                0x08004028       0x24 C:/Users/g031q/workspace/Robot_sample/mbed/TARGET_NUCLEO_F446RE/TOOLCHAIN_GCC_ARM/stm32f4xx_hal_dma.o
                0x08004028                HAL_DMA_Abort_IT
 .text.HAL_I2C_MspInit
                0x0800404c        0x2 C:/Users/g031q/workspace/Robot_sample/mbed/TARGET_NUCLEO_F446RE/TOOLCHAIN_GCC_ARM/stm32f4xx_hal_i2c.o
                0x0800404c                HAL_I2C_MspInit
 *fill*         0x0800404e        0x2 
 .text.HAL_I2C_Init
                0x08004050       0xdc C:/Users/g031q/workspace/Robot_sample/mbed/TARGET_NUCLEO_F446RE/TOOLCHAIN_GCC_ARM/stm32f4xx_hal_i2c.o
                0x08004050                HAL_I2C_Init
 .text.HAL_I2C_Master_Sequential_Transmit_IT
                0x0800412c       0xd4 C:/Users/g031q/workspace/Robot_sample/mbed/TARGET_NUCLEO_F446RE/TOOLCHAIN_GCC_ARM/stm32f4xx_hal_i2c.o
                0x0800412c                HAL_I2C_Master_Sequential_Transmit_IT
 .text.HAL_I2C_Master_Sequential_Receive_IT
                0x08004200       0xdc C:/Users/g031q/workspace/Robot_sample/mbed/TARGET_NUCLEO_F446RE/TOOLCHAIN_GCC_ARM/stm32f4xx_hal_i2c.o
                0x08004200                HAL_I2C_Master_Sequential_Receive_IT
 .text.HAL_I2C_EnableListen_IT
                0x080042dc       0x36 C:/Users/g031q/workspace/Robot_sample/mbed/TARGET_NUCLEO_F446RE/TOOLCHAIN_GCC_ARM/stm32f4xx_hal_i2c.o
                0x080042dc                HAL_I2C_EnableListen_IT
 .text.HAL_I2C_MemTxCpltCallback
                0x08004312        0x2 C:/Users/g031q/workspace/Robot_sample/mbed/TARGET_NUCLEO_F446RE/TOOLCHAIN_GCC_ARM/stm32f4xx_hal_i2c.o
                0x08004312                HAL_I2C_MemTxCpltCallback
 .text.HAL_I2C_MemRxCpltCallback
                0x08004314        0x2 C:/Users/g031q/workspace/Robot_sample/mbed/TARGET_NUCLEO_F446RE/TOOLCHAIN_GCC_ARM/stm32f4xx_hal_i2c.o
                0x08004314                HAL_I2C_MemRxCpltCallback
 *fill*         0x08004316        0x2 
 .text.I2C_ITError
                0x08004318      0x128 C:/Users/g031q/workspace/Robot_sample/mbed/TARGET_NUCLEO_F446RE/TOOLCHAIN_GCC_ARM/stm32f4xx_hal_i2c.o
 .text.HAL_I2C_EV_IRQHandler
                0x08004440      0x6bc C:/Users/g031q/workspace/Robot_sample/mbed/TARGET_NUCLEO_F446RE/TOOLCHAIN_GCC_ARM/stm32f4xx_hal_i2c.o
                0x08004440                HAL_I2C_EV_IRQHandler
 .text.HAL_I2C_ER_IRQHandler
                0x08004afc      0x134 C:/Users/g031q/workspace/Robot_sample/mbed/TARGET_NUCLEO_F446RE/TOOLCHAIN_GCC_ARM/stm32f4xx_hal_i2c.o
                0x08004afc                HAL_I2C_ER_IRQHandler
 .text.I2C_DMAAbort
                0x08004c30       0x4c C:/Users/g031q/workspace/Robot_sample/mbed/TARGET_NUCLEO_F446RE/TOOLCHAIN_GCC_ARM/stm32f4xx_hal_i2c.o
 .text.HAL_I2CEx_ConfigAnalogFilter
                0x08004c7c       0x3e C:/Users/g031q/workspace/Robot_sample/mbed/TARGET_NUCLEO_F446RE/TOOLCHAIN_GCC_ARM/stm32f4xx_hal_i2c_ex.o
                0x08004c7c                HAL_I2CEx_ConfigAnalogFilter
 .text.HAL_MspInit
                0x08004cba        0x2 C:/Users/g031q/workspace/Robot_sample/mbed/TARGET_NUCLEO_F446RE/TOOLCHAIN_GCC_ARM/stm32f4xx_hal_msp_template.o
                0x08004cba                HAL_MspInit
 .text.HAL_PWREx_EnableOverDrive
                0x08004cbc       0x98 C:/Users/g031q/workspace/Robot_sample/mbed/TARGET_NUCLEO_F446RE/TOOLCHAIN_GCC_ARM/stm32f4xx_hal_pwr_ex.o
                0x08004cbc                HAL_PWREx_EnableOverDrive
 .text.HAL_RCC_ClockConfig
                0x08004d54      0x16c C:/Users/g031q/workspace/Robot_sample/mbed/TARGET_NUCLEO_F446RE/TOOLCHAIN_GCC_ARM/stm32f4xx_hal_rcc.o
                0x08004d54                HAL_RCC_ClockConfig
 .text.HAL_RCC_GetPCLK1Freq
                0x08004ec0       0x30 C:/Users/g031q/workspace/Robot_sample/mbed/TARGET_NUCLEO_F446RE/TOOLCHAIN_GCC_ARM/stm32f4xx_hal_rcc.o
                0x08004ec0                HAL_RCC_GetPCLK1Freq
 .text.HAL_RCC_GetPCLK2Freq
                0x08004ef0       0x30 C:/Users/g031q/workspace/Robot_sample/mbed/TARGET_NUCLEO_F446RE/TOOLCHAIN_GCC_ARM/stm32f4xx_hal_rcc.o
                0x08004ef0                HAL_RCC_GetPCLK2Freq
 .text.HAL_RCC_GetClockConfig
                0x08004f20       0x3c C:/Users/g031q/workspace/Robot_sample/mbed/TARGET_NUCLEO_F446RE/TOOLCHAIN_GCC_ARM/stm32f4xx_hal_rcc.o
                0x08004f20                HAL_RCC_GetClockConfig
 .text.HAL_RCCEx_PeriphCLKConfig
                0x08004f5c      0x5e0 C:/Users/g031q/workspace/Robot_sample/mbed/TARGET_NUCLEO_F446RE/TOOLCHAIN_GCC_ARM/stm32f4xx_hal_rcc_ex.o
                0x08004f5c                HAL_RCCEx_PeriphCLKConfig
 .text.HAL_RCC_GetSysClockFreq
                0x0800553c       0xbc C:/Users/g031q/workspace/Robot_sample/mbed/TARGET_NUCLEO_F446RE/TOOLCHAIN_GCC_ARM/stm32f4xx_hal_rcc_ex.o
                0x0800553c                HAL_RCC_GetSysClockFreq
 .text.HAL_RCC_OscConfig
                0x080055f8      0x364 C:/Users/g031q/workspace/Robot_sample/mbed/TARGET_NUCLEO_F446RE/TOOLCHAIN_GCC_ARM/stm32f4xx_hal_rcc_ex.o
                0x080055f8                HAL_RCC_OscConfig
 .text.TIM_OC1_SetConfig
                0x0800595c       0x58 C:/Users/g031q/workspace/Robot_sample/mbed/TARGET_NUCLEO_F446RE/TOOLCHAIN_GCC_ARM/stm32f4xx_hal_tim.o
 .text.TIM_OC3_SetConfig
                0x080059b4       0x60 C:/Users/g031q/workspace/Robot_sample/mbed/TARGET_NUCLEO_F446RE/TOOLCHAIN_GCC_ARM/stm32f4xx_hal_tim.o
 .text.TIM_OC4_SetConfig
                0x08005a14       0x50 C:/Users/g031q/workspace/Robot_sample/mbed/TARGET_NUCLEO_F446RE/TOOLCHAIN_GCC_ARM/stm32f4xx_hal_tim.o
 .text.HAL_TIM_OC_MspInit
                0x08005a64        0x2 C:/Users/g031q/workspace/Robot_sample/mbed/TARGET_NUCLEO_F446RE/TOOLCHAIN_GCC_ARM/stm32f4xx_hal_tim.o
                0x08005a64                HAL_TIM_OC_MspInit
 .text.HAL_TIM_PWM_MspInit
                0x08005a66        0x2 C:/Users/g031q/workspace/Robot_sample/mbed/TARGET_NUCLEO_F446RE/TOOLCHAIN_GCC_ARM/stm32f4xx_hal_tim.o
                0x08005a66                HAL_TIM_PWM_MspInit
 .text.TIM_Base_SetConfig
                0x08005a68       0xc8 C:/Users/g031q/workspace/Robot_sample/mbed/TARGET_NUCLEO_F446RE/TOOLCHAIN_GCC_ARM/stm32f4xx_hal_tim.o
                0x08005a68                TIM_Base_SetConfig
 .text.HAL_TIM_OC_Init
                0x08005b30       0x34 C:/Users/g031q/workspace/Robot_sample/mbed/TARGET_NUCLEO_F446RE/TOOLCHAIN_GCC_ARM/stm32f4xx_hal_tim.o
                0x08005b30                HAL_TIM_OC_Init
 .text.HAL_TIM_PWM_Init
                0x08005b64       0x34 C:/Users/g031q/workspace/Robot_sample/mbed/TARGET_NUCLEO_F446RE/TOOLCHAIN_GCC_ARM/stm32f4xx_hal_tim.o
                0x08005b64                HAL_TIM_PWM_Init
 .text.TIM_OC2_SetConfig
                0x08005b98       0x60 C:/Users/g031q/workspace/Robot_sample/mbed/TARGET_NUCLEO_F446RE/TOOLCHAIN_GCC_ARM/stm32f4xx_hal_tim.o
                0x08005b98                TIM_OC2_SetConfig
 .text.HAL_TIM_PWM_ConfigChannel
                0x08005bf8       0xc4 C:/Users/g031q/workspace/Robot_sample/mbed/TARGET_NUCLEO_F446RE/TOOLCHAIN_GCC_ARM/stm32f4xx_hal_tim.o
                0x08005bf8                HAL_TIM_PWM_ConfigChannel
 .text.TIM_CCxChannelCmd
                0x08005cbc       0x18 C:/Users/g031q/workspace/Robot_sample/mbed/TARGET_NUCLEO_F446RE/TOOLCHAIN_GCC_ARM/stm32f4xx_hal_tim.o
                0x08005cbc                TIM_CCxChannelCmd
 .text.HAL_TIM_PWM_Start
                0x08005cd4       0x34 C:/Users/g031q/workspace/Robot_sample/mbed/TARGET_NUCLEO_F446RE/TOOLCHAIN_GCC_ARM/stm32f4xx_hal_tim.o
                0x08005cd4                HAL_TIM_PWM_Start
 .text.HAL_TIM_OC_Start
                0x08005d08        0x4 C:/Users/g031q/workspace/Robot_sample/mbed/TARGET_NUCLEO_F446RE/TOOLCHAIN_GCC_ARM/stm32f4xx_hal_tim.o
                0x08005d08                HAL_TIM_OC_Start
 .text.TIM_CCxNChannelCmd
                0x08005d0c       0x18 C:/Users/g031q/workspace/Robot_sample/mbed/TARGET_NUCLEO_F446RE/TOOLCHAIN_GCC_ARM/stm32f4xx_hal_tim_ex.o
 .text.HAL_TIMEx_PWMN_Start
                0x08005d24       0x22 C:/Users/g031q/workspace/Robot_sample/mbed/TARGET_NUCLEO_F446RE/TOOLCHAIN_GCC_ARM/stm32f4xx_hal_tim_ex.o
                0x08005d24                HAL_TIMEx_PWMN_Start
 *fill*         0x08005d46        0x2 
 .text.UART_SetConfig
                0x08005d48      0x234 C:/Users/g031q/workspace/Robot_sample/mbed/TARGET_NUCLEO_F446RE/TOOLCHAIN_GCC_ARM/stm32f4xx_hal_uart.o
 .text.HAL_UART_MspInit
                0x08005f7c        0x2 C:/Users/g031q/workspace/Robot_sample/mbed/TARGET_NUCLEO_F446RE/TOOLCHAIN_GCC_ARM/stm32f4xx_hal_uart.o
                0x08005f7c                HAL_UART_MspInit
 .text.HAL_UART_Init
                0x08005f7e       0x5c C:/Users/g031q/workspace/Robot_sample/mbed/TARGET_NUCLEO_F446RE/TOOLCHAIN_GCC_ARM/stm32f4xx_hal_uart.o
                0x08005f7e                HAL_UART_Init
 *fill*         0x08005fda        0x2 
 .text.SystemInit
                0x08005fdc       0x44 C:/Users/g031q/workspace/Robot_sample/mbed/TARGET_NUCLEO_F446RE/TOOLCHAIN_GCC_ARM/system_clock.o
                0x08005fdc                SystemInit
 .text.SetSysClock_PLL_HSE
                0x08006020       0xc0 C:/Users/g031q/workspace/Robot_sample/mbed/TARGET_NUCLEO_F446RE/TOOLCHAIN_GCC_ARM/system_clock.o
                0x08006020                SetSysClock_PLL_HSE
 .text.SetSysClock_PLL_HSI
                0x080060e0       0xb4 C:/Users/g031q/workspace/Robot_sample/mbed/TARGET_NUCLEO_F446RE/TOOLCHAIN_GCC_ARM/system_clock.o
                0x080060e0                SetSysClock_PLL_HSI
 .text.SetSysClock
                0x08006194       0x14 C:/Users/g031q/workspace/Robot_sample/mbed/TARGET_NUCLEO_F446RE/TOOLCHAIN_GCC_ARM/system_clock.o
                0x08006194                SetSysClock
 .text.SystemCoreClockUpdate
                0x080061a8       0x74 C:/Users/g031q/workspace/Robot_sample/mbed/TARGET_NUCLEO_F446RE/TOOLCHAIN_GCC_ARM/system_stm32f4xx.o
                0x080061a8                SystemCoreClockUpdate
 .text.us_ticker_init
                0x0800621c        0x2 C:/Users/g031q/workspace/Robot_sample/mbed/TARGET_NUCLEO_F446RE/TOOLCHAIN_GCC_ARM/us_ticker_32b.o
                0x0800621c                us_ticker_init
 *fill*         0x0800621e        0x2 
 .text.us_ticker_read
                0x08006220        0xc C:/Users/g031q/workspace/Robot_sample/mbed/TARGET_NUCLEO_F446RE/TOOLCHAIN_GCC_ARM/us_ticker_32b.o
                0x08006220                us_ticker_read
 .text.us_ticker_set_interrupt
                0x0800622c       0x1c C:/Users/g031q/workspace/Robot_sample/mbed/TARGET_NUCLEO_F446RE/TOOLCHAIN_GCC_ARM/us_ticker_32b.o
                0x0800622c                us_ticker_set_interrupt
 .text.us_ticker_fire_interrupt
                0x08006248       0x14 C:/Users/g031q/workspace/Robot_sample/mbed/TARGET_NUCLEO_F446RE/TOOLCHAIN_GCC_ARM/us_ticker_32b.o
                0x08006248                us_ticker_fire_interrupt
 .text.us_ticker_disable_interrupt
                0x0800625c       0x14 C:/Users/g031q/workspace/Robot_sample/mbed/TARGET_NUCLEO_F446RE/TOOLCHAIN_GCC_ARM/us_ticker_32b.o
                0x0800625c                us_ticker_disable_interrupt
 .text.us_ticker_clear_interrupt
                0x08006270       0x10 C:/Users/g031q/workspace/Robot_sample/mbed/TARGET_NUCLEO_F446RE/TOOLCHAIN_GCC_ARM/us_ticker_32b.o
                0x08006270                us_ticker_clear_interrupt
 .text._gpio_init_in
                0x08006280       0x26 C:\Users\g031q\workspace\Robot_sample\mbed\TARGET_NUCLEO_F446RE\TOOLCHAIN_GCC_ARM\libmbed.a(mbed_gpio.o)
 .text._gpio_init_out.part.2
                0x080062a6       0x28 C:\Users\g031q\workspace\Robot_sample\mbed\TARGET_NUCLEO_F446RE\TOOLCHAIN_GCC_ARM\libmbed.a(mbed_gpio.o)
 .text.gpio_init_in
                0x080062ce        0x6 C:\Users\g031q\workspace\Robot_sample\mbed\TARGET_NUCLEO_F446RE\TOOLCHAIN_GCC_ARM\libmbed.a(mbed_gpio.o)
                0x080062ce                gpio_init_in
 .text.gpio_init_out_ex
                0x080062d4       0x20 C:\Users\g031q\workspace\Robot_sample\mbed\TARGET_NUCLEO_F446RE\TOOLCHAIN_GCC_ARM\libmbed.a(mbed_gpio.o)
                0x080062d4                gpio_init_out_ex
 .text.gpio_init_out
                0x080062f4        0x6 C:\Users\g031q\workspace\Robot_sample\mbed\TARGET_NUCLEO_F446RE\TOOLCHAIN_GCC_ARM\libmbed.a(mbed_gpio.o)
                0x080062f4                gpio_init_out
 .text._ZN4mbed5TimerD2Ev
                0x080062fa       0x20 C:\Users\g031q\workspace\Robot_sample\mbed\TARGET_NUCLEO_F446RE\TOOLCHAIN_GCC_ARM\libmbed.a(Timer.o)
                0x080062fa                mbed::Timer::~Timer()
                0x080062fa                mbed::Timer::~Timer()
 .text._ZN4mbed5Timer5startEv
                0x0800631a       0x2a C:\Users\g031q\workspace\Robot_sample\mbed\TARGET_NUCLEO_F446RE\TOOLCHAIN_GCC_ARM\libmbed.a(Timer.o)
                0x0800631a                mbed::Timer::start()
 .text._ZN4mbed5Timer9slicetimeEv
                0x08006344       0x2c C:\Users\g031q\workspace\Robot_sample\mbed\TARGET_NUCLEO_F446RE\TOOLCHAIN_GCC_ARM\libmbed.a(Timer.o)
                0x08006344                mbed::Timer::slicetime()
 .text._ZN4mbed5Timer23read_high_resolution_usEv
                0x08006370       0x20 C:\Users\g031q\workspace\Robot_sample\mbed\TARGET_NUCLEO_F446RE\TOOLCHAIN_GCC_ARM\libmbed.a(Timer.o)
                0x08006370                mbed::Timer::read_high_resolution_us()
 .text._ZN4mbed5Timer7read_usEv
                0x08006390        0x8 C:\Users\g031q\workspace\Robot_sample\mbed\TARGET_NUCLEO_F446RE\TOOLCHAIN_GCC_ARM\libmbed.a(Timer.o)
                0x08006390                mbed::Timer::read_us()
 .text._ZN4mbed5Timer5resetEv
                0x08006398       0x22 C:\Users\g031q\workspace\Robot_sample\mbed\TARGET_NUCLEO_F446RE\TOOLCHAIN_GCC_ARM\libmbed.a(Timer.o)
                0x08006398                mbed::Timer::reset()
 .text._ZN4mbed5TimerC2Ev
                0x080063ba       0x28 C:\Users\g031q\workspace\Robot_sample\mbed\TARGET_NUCLEO_F446RE\TOOLCHAIN_GCC_ARM\libmbed.a(Timer.o)
                0x080063ba                mbed::Timer::Timer()
                0x080063ba                mbed::Timer::Timer()
 *fill*         0x080063e2        0x2 
 .text.pinmap_pinout
                0x080063e4       0x3c C:\Users\g031q\workspace\Robot_sample\mbed\TARGET_NUCLEO_F446RE\TOOLCHAIN_GCC_ARM\libmbed.a(mbed_pinmap_common.o)
                0x080063e4                pinmap_pinout
 .text.pinmap_merge
                0x08006420       0x24 C:\Users\g031q\workspace\Robot_sample\mbed\TARGET_NUCLEO_F446RE\TOOLCHAIN_GCC_ARM\libmbed.a(mbed_pinmap_common.o)
                0x08006420                pinmap_merge
 .text.pinmap_find_peripheral
                0x08006444       0x18 C:\Users\g031q\workspace\Robot_sample\mbed\TARGET_NUCLEO_F446RE\TOOLCHAIN_GCC_ARM\libmbed.a(mbed_pinmap_common.o)
                0x08006444                pinmap_find_peripheral
 .text.pinmap_peripheral
                0x0800645c       0x20 C:\Users\g031q\workspace\Robot_sample\mbed\TARGET_NUCLEO_F446RE\TOOLCHAIN_GCC_ARM\libmbed.a(mbed_pinmap_common.o)
                0x0800645c                pinmap_peripheral
 .text.pinmap_find_function
                0x0800647c       0x18 C:\Users\g031q\workspace\Robot_sample\mbed\TARGET_NUCLEO_F446RE\TOOLCHAIN_GCC_ARM\libmbed.a(mbed_pinmap_common.o)
                0x0800647c                pinmap_find_function
 .text.pinmap_function
                0x08006494       0x20 C:\Users\g031q\workspace\Robot_sample\mbed\TARGET_NUCLEO_F446RE\TOOLCHAIN_GCC_ARM\libmbed.a(mbed_pinmap_common.o)
                0x08006494                pinmap_function
 .text.get_us_ticker_data
                0x080064b4        0x8 C:\Users\g031q\workspace\Robot_sample\mbed\TARGET_NUCLEO_F446RE\TOOLCHAIN_GCC_ARM\libmbed.a(mbed_us_ticker_api.o)
                0x080064b4                get_us_ticker_data
 .text.us_ticker_irq_handler
                0x080064bc        0xc C:\Users\g031q\workspace\Robot_sample\mbed\TARGET_NUCLEO_F446RE\TOOLCHAIN_GCC_ARM\libmbed.a(mbed_us_ticker_api.o)
                0x080064bc                us_ticker_irq_handler
 .text._ZN4mbed10FileHandle5lseekEli
                0x080064c8        0x6 C:\Users\g031q\workspace\Robot_sample\mbed\TARGET_NUCLEO_F446RE\TOOLCHAIN_GCC_ARM\libmbed.a(Serial.o)
                0x080064c8                mbed::FileHandle::lseek(long, int)
 .text._ZN4mbed10FileHandle5fsyncEv
                0x080064ce        0x6 C:\Users\g031q\workspace\Robot_sample\mbed\TARGET_NUCLEO_F446RE\TOOLCHAIN_GCC_ARM\libmbed.a(Serial.o)
                0x080064ce                mbed::FileHandle::fsync()
 .text._ZN4mbed10FileHandle4flenEv
                0x080064d4        0x6 C:\Users\g031q\workspace\Robot_sample\mbed\TARGET_NUCLEO_F446RE\TOOLCHAIN_GCC_ARM\libmbed.a(Serial.o)
                0x080064d4                mbed::FileHandle::flen()
 .text._ZN4mbed10FileHandle12set_blockingEb
                0x080064da        0x6 C:\Users\g031q\workspace\Robot_sample\mbed\TARGET_NUCLEO_F446RE\TOOLCHAIN_GCC_ARM\libmbed.a(Serial.o)
                0x080064da                mbed::FileHandle::set_blocking(bool)
 .text._ZNK4mbed10FileHandle4pollEs
                0x080064e0        0x4 C:\Users\g031q\workspace\Robot_sample\mbed\TARGET_NUCLEO_F446RE\TOOLCHAIN_GCC_ARM\libmbed.a(Serial.o)
                0x080064e0                mbed::FileHandle::poll(short) const
 .text._ZN4mbed10FileHandle5sigioENS_8CallbackIFvvEEE
                0x080064e4        0x2 C:\Users\g031q\workspace\Robot_sample\mbed\TARGET_NUCLEO_F446RE\TOOLCHAIN_GCC_ARM\libmbed.a(Serial.o)
                0x080064e4                mbed::FileHandle::sigio(mbed::Callback<void ()>)
 .text._ZN4mbed6Serial6unlockEv
                0x080064e6        0x2 C:\Users\g031q\workspace\Robot_sample\mbed\TARGET_NUCLEO_F446RE\TOOLCHAIN_GCC_ARM\libmbed.a(Serial.o)
                0x080064e6                mbed::Serial::unlock()
                0x080064e6                mbed::Serial::lock()
 .text._ZThn188_N4mbed6Serial4lockEv
                0x080064e8        0x8 C:\Users\g031q\workspace\Robot_sample\mbed\TARGET_NUCLEO_F446RE\TOOLCHAIN_GCC_ARM\libmbed.a(Serial.o)
                0x080064e8                non-virtual thunk to mbed::Serial::lock()
 .text._ZThn188_N4mbed6Serial6unlockEv
                0x080064f0        0x8 C:\Users\g031q\workspace\Robot_sample\mbed\TARGET_NUCLEO_F446RE\TOOLCHAIN_GCC_ARM\libmbed.a(Serial.o)
                0x080064f0                non-virtual thunk to mbed::Serial::unlock()
 .text._ZN4mbed6Serial5_getcEv
                0x080064f8        0x4 C:\Users\g031q\workspace\Robot_sample\mbed\TARGET_NUCLEO_F446RE\TOOLCHAIN_GCC_ARM\libmbed.a(Serial.o)
                0x080064f8                mbed::Serial::_getc()
 .text._ZThn188_N4mbed6Serial5_getcEv
                0x080064fc        0x8 C:\Users\g031q\workspace\Robot_sample\mbed\TARGET_NUCLEO_F446RE\TOOLCHAIN_GCC_ARM\libmbed.a(Serial.o)
                0x080064fc                non-virtual thunk to mbed::Serial::_getc()
 .text._ZN4mbed6Serial5_putcEi
                0x08006504        0x4 C:\Users\g031q\workspace\Robot_sample\mbed\TARGET_NUCLEO_F446RE\TOOLCHAIN_GCC_ARM\libmbed.a(Serial.o)
                0x08006504                mbed::Serial::_putc(int)
 .text._ZThn188_N4mbed6Serial5_putcEi
                0x08006508        0x8 C:\Users\g031q\workspace\Robot_sample\mbed\TARGET_NUCLEO_F446RE\TOOLCHAIN_GCC_ARM\libmbed.a(Serial.o)
                0x08006508                non-virtual thunk to mbed::Serial::_putc(int)
 .text._ZN4mbed6SerialC2E7PinNameS1_PKci
                0x08006510       0x34 C:\Users\g031q\workspace\Robot_sample\mbed\TARGET_NUCLEO_F446RE\TOOLCHAIN_GCC_ARM\libmbed.a(Serial.o)
                0x08006510                mbed::Serial::Serial(PinName, PinName, char const*, int)
                0x08006510                mbed::Serial::Serial(PinName, PinName, char const*, int)
 .text._ZN4mbed11InterruptInC2E7PinName
                0x08006544       0x64 C:\Users\g031q\workspace\Robot_sample\mbed\TARGET_NUCLEO_F446RE\TOOLCHAIN_GCC_ARM\libmbed.a(InterruptIn.o)
                0x08006544                mbed::InterruptIn::InterruptIn(PinName)
                0x08006544                mbed::InterruptIn::InterruptIn(PinName)
 .text._ZN4mbed8CallbackIFvvEED2Ev
                0x080065a8       0x10 C:\Users\g031q\workspace\Robot_sample\mbed\TARGET_NUCLEO_F446RE\TOOLCHAIN_GCC_ARM\libmbed.a(InterruptIn.o)
                0x080065a8                mbed::Callback<void ()>::~Callback()
                0x080065a8                mbed::Callback<void ()>::~Callback()
 .text._ZN4mbed11InterruptInD2Ev
                0x080065b8       0x28 C:\Users\g031q\workspace\Robot_sample\mbed\TARGET_NUCLEO_F446RE\TOOLCHAIN_GCC_ARM\libmbed.a(InterruptIn.o)
                0x080065b8                mbed::InterruptIn::~InterruptIn()
                0x080065b8                mbed::InterruptIn::~InterruptIn()
 .text._ZN4mbed11InterruptInD0Ev
                0x080065e0       0x12 C:\Users\g031q\workspace\Robot_sample\mbed\TARGET_NUCLEO_F446RE\TOOLCHAIN_GCC_ARM\libmbed.a(InterruptIn.o)
                0x080065e0                mbed::InterruptIn::~InterruptIn()
 .text._ZN4mbed8CallbackIFvvEEaSERKS2_
                0x080065f2       0x24 C:\Users\g031q\workspace\Robot_sample\mbed\TARGET_NUCLEO_F446RE\TOOLCHAIN_GCC_ARM\libmbed.a(InterruptIn.o)
                0x080065f2                mbed::Callback<void ()>::operator=(mbed::Callback<void ()> const&)
 .text._ZN4mbed11InterruptIn4riseENS_8CallbackIFvvEEE
                0x08006616       0x4c C:\Users\g031q\workspace\Robot_sample\mbed\TARGET_NUCLEO_F446RE\TOOLCHAIN_GCC_ARM\libmbed.a(InterruptIn.o)
                0x08006616                mbed::InterruptIn::rise(mbed::Callback<void ()>)
 .text._ZN4mbed11InterruptIn4fallENS_8CallbackIFvvEEE
                0x08006662       0x4c C:\Users\g031q\workspace\Robot_sample\mbed\TARGET_NUCLEO_F446RE\TOOLCHAIN_GCC_ARM\libmbed.a(InterruptIn.o)
                0x08006662                mbed::InterruptIn::fall(mbed::Callback<void ()>)
 *fill*         0x080066ae        0x2 
 .text._ZNK4mbed8CallbackIFvvEE4callEv
                0x080066b0       0x28 C:\Users\g031q\workspace\Robot_sample\mbed\TARGET_NUCLEO_F446RE\TOOLCHAIN_GCC_ARM\libmbed.a(InterruptIn.o)
                0x080066b0                mbed::Callback<void ()>::call() const
 .text._ZN4mbed11InterruptIn12_irq_handlerEm14gpio_irq_event
                0x080066d8       0x22 C:\Users\g031q\workspace\Robot_sample\mbed\TARGET_NUCLEO_F446RE\TOOLCHAIN_GCC_ARM\libmbed.a(InterruptIn.o)
                0x080066d8                mbed::InterruptIn::_irq_handler(unsigned long, gpio_irq_event)
 .text._ZN6CThunkIN4mbed3I2CEE10trampolineEPS1_PvPMS1_FvS4_E
                0x080066fa       0x2c C:\Users\g031q\workspace\Robot_sample\mbed\TARGET_NUCLEO_F446RE\TOOLCHAIN_GCC_ARM\libmbed.a(I2C.o)
                0x080066fa                CThunk<mbed::I2C>::trampoline(mbed::I2C*, void*, void (mbed::I2C::**)(void*))
 *fill*         0x08006726        0x2 
 .text._ZN4mbed3I2C6unlockEv
                0x08006728       0x28 C:\Users\g031q\workspace\Robot_sample\mbed\TARGET_NUCLEO_F446RE\TOOLCHAIN_GCC_ARM\libmbed.a(I2C.o)
                0x08006728                mbed::I2C::unlock()
                0x08006728                mbed::I2C::lock()
 .text._ZN4mbed3I2CC2E7PinNameS1_
                0x08006750       0x88 C:\Users\g031q\workspace\Robot_sample\mbed\TARGET_NUCLEO_F446RE\TOOLCHAIN_GCC_ARM\libmbed.a(I2C.o)
                0x08006750                mbed::I2C::I2C(PinName, PinName)
                0x08006750                mbed::I2C::I2C(PinName, PinName)
 .text._ZN4mbed3I2C9frequencyEi
                0x080067d8       0x30 C:\Users\g031q\workspace\Robot_sample\mbed\TARGET_NUCLEO_F446RE\TOOLCHAIN_GCC_ARM\libmbed.a(I2C.o)
                0x080067d8                mbed::I2C::frequency(int)
 .text._ZN4mbed3I2C6aquireEv
                0x08006808       0x30 C:\Users\g031q\workspace\Robot_sample\mbed\TARGET_NUCLEO_F446RE\TOOLCHAIN_GCC_ARM\libmbed.a(I2C.o)
                0x08006808                mbed::I2C::aquire()
 .text._ZN4mbed3I2C5writeEiPKcib
                0x08006838       0x42 C:\Users\g031q\workspace\Robot_sample\mbed\TARGET_NUCLEO_F446RE\TOOLCHAIN_GCC_ARM\libmbed.a(I2C.o)
                0x08006838                mbed::I2C::write(int, char const*, int, bool)
 .text._ZN4mbed3I2C4readEiPcib
                0x0800687a       0x42 C:\Users\g031q\workspace\Robot_sample\mbed\TARGET_NUCLEO_F446RE\TOOLCHAIN_GCC_ARM\libmbed.a(I2C.o)
                0x0800687a                mbed::I2C::read(int, char*, int, bool)
 .text._ZN4mbed3I2C4stopEv
                0x080068bc       0x20 C:\Users\g031q\workspace\Robot_sample\mbed\TARGET_NUCLEO_F446RE\TOOLCHAIN_GCC_ARM\libmbed.a(I2C.o)
                0x080068bc                mbed::I2C::stop()
 .text._ZN4mbed8CallbackIFviEED2Ev
                0x080068dc       0x10 C:\Users\g031q\workspace\Robot_sample\mbed\TARGET_NUCLEO_F446RE\TOOLCHAIN_GCC_ARM\libmbed.a(I2C.o)
                0x080068dc                mbed::Callback<void (int)>::~Callback()
                0x080068dc                mbed::Callback<void (int)>::~Callback()
 .text.update_present_time
                0x080068ec       0x26 C:\Users\g031q\workspace\Robot_sample\mbed\TARGET_NUCLEO_F446RE\TOOLCHAIN_GCC_ARM\libmbed.a(mbed_ticker_api.o)
 .text.schedule_interrupt
                0x08006912       0x6c C:\Users\g031q\workspace\Robot_sample\mbed\TARGET_NUCLEO_F446RE\TOOLCHAIN_GCC_ARM\libmbed.a(mbed_ticker_api.o)
 .text.initialize.part.1
                0x0800697e       0x2e C:\Users\g031q\workspace\Robot_sample\mbed\TARGET_NUCLEO_F446RE\TOOLCHAIN_GCC_ARM\libmbed.a(mbed_ticker_api.o)
 .text.ticker_irq_handler
                0x080069ac       0x44 C:\Users\g031q\workspace\Robot_sample\mbed\TARGET_NUCLEO_F446RE\TOOLCHAIN_GCC_ARM\libmbed.a(mbed_ticker_api.o)
                0x080069ac                ticker_irq_handler
 .text.ticker_read_us
                0x080069f0       0x1c C:\Users\g031q\workspace\Robot_sample\mbed\TARGET_NUCLEO_F446RE\TOOLCHAIN_GCC_ARM\libmbed.a(mbed_ticker_api.o)
                0x080069f0                ticker_read_us
 .text.ticker_read
                0x08006a0c        0x8 C:\Users\g031q\workspace\Robot_sample\mbed\TARGET_NUCLEO_F446RE\TOOLCHAIN_GCC_ARM\libmbed.a(mbed_ticker_api.o)
                0x08006a0c                ticker_read
 .text.sleep_manager_lock_deep_sleep
                0x08006a14       0x34 C:\Users\g031q\workspace\Robot_sample\mbed\TARGET_NUCLEO_F446RE\TOOLCHAIN_GCC_ARM\libmbed.a(mbed_sleep_manager.o)
                0x08006a14                sleep_manager_lock_deep_sleep
 .text.sleep_manager_unlock_deep_sleep
                0x08006a48       0x30 C:\Users\g031q\workspace\Robot_sample\mbed\TARGET_NUCLEO_F446RE\TOOLCHAIN_GCC_ARM\libmbed.a(mbed_sleep_manager.o)
                0x08006a48                sleep_manager_unlock_deep_sleep
 .text.mbed_assert_internal
                0x08006a78       0x24 C:\Users\g031q\workspace\Robot_sample\mbed\TARGET_NUCLEO_F446RE\TOOLCHAIN_GCC_ARM\libmbed.a(mbed_assert.o)
                0x08006a78                mbed_assert_internal
 .text.core_util_are_interrupts_enabled
                0x08006a9c        0xc C:\Users\g031q\workspace\Robot_sample\mbed\TARGET_NUCLEO_F446RE\TOOLCHAIN_GCC_ARM\libmbed.a(mbed_critical.o)
                0x08006a9c                core_util_are_interrupts_enabled
 .text.core_util_critical_section_enter
                0x08006aa8       0x58 C:\Users\g031q\workspace\Robot_sample\mbed\TARGET_NUCLEO_F446RE\TOOLCHAIN_GCC_ARM\libmbed.a(mbed_critical.o)
                0x08006aa8                core_util_critical_section_enter
 .text.core_util_critical_section_exit
                0x08006b00       0x3c C:\Users\g031q\workspace\Robot_sample\mbed\TARGET_NUCLEO_F446RE\TOOLCHAIN_GCC_ARM\libmbed.a(mbed_critical.o)
                0x08006b00                core_util_critical_section_exit
 .text.core_util_atomic_incr_u16
                0x08006b3c       0x1a C:\Users\g031q\workspace\Robot_sample\mbed\TARGET_NUCLEO_F446RE\TOOLCHAIN_GCC_ARM\libmbed.a(mbed_critical.o)
                0x08006b3c                core_util_atomic_incr_u16
 .text.core_util_atomic_decr_u16
                0x08006b56       0x1a C:\Users\g031q\workspace\Robot_sample\mbed\TARGET_NUCLEO_F446RE\TOOLCHAIN_GCC_ARM\libmbed.a(mbed_critical.o)
                0x08006b56                core_util_atomic_decr_u16
 .text.error    0x08006b70       0x2c C:\Users\g031q\workspace\Robot_sample\mbed\TARGET_NUCLEO_F446RE\TOOLCHAIN_GCC_ARM\libmbed.a(mbed_error.o)
                0x08006b70                error
 .text._ZN4mbed10SerialBase4lockEv
                0x08006b9c        0x2 C:\Users\g031q\workspace\Robot_sample\mbed\TARGET_NUCLEO_F446RE\TOOLCHAIN_GCC_ARM\libmbed.a(SerialBase.o)
                0x08006b9c                mbed::SerialBase::lock()
 .text._ZN4mbed10SerialBase6unlockEv
                0x08006b9e        0x2 C:\Users\g031q\workspace\Robot_sample\mbed\TARGET_NUCLEO_F446RE\TOOLCHAIN_GCC_ARM\libmbed.a(SerialBase.o)
                0x08006b9e                mbed::SerialBase::unlock()
 .text._ZN6CThunkIN4mbed10SerialBaseEE10trampolineEPS1_PvPMS1_FvS4_E
                0x08006ba0       0x2c C:\Users\g031q\workspace\Robot_sample\mbed\TARGET_NUCLEO_F446RE\TOOLCHAIN_GCC_ARM\libmbed.a(SerialBase.o)
                0x08006ba0                CThunk<mbed::SerialBase>::trampoline(mbed::SerialBase*, void*, void (mbed::SerialBase::**)(void*))
 .text._ZN4mbed10SerialBase12_irq_handlerEm9SerialIrq
                0x08006bcc       0x3c C:\Users\g031q\workspace\Robot_sample\mbed\TARGET_NUCLEO_F446RE\TOOLCHAIN_GCC_ARM\libmbed.a(SerialBase.o)
                0x08006bcc                mbed::SerialBase::_irq_handler(unsigned long, SerialIrq)
 .text._ZN4mbed10SerialBase8readableEv
                0x08006c08       0x22 C:\Users\g031q\workspace\Robot_sample\mbed\TARGET_NUCLEO_F446RE\TOOLCHAIN_GCC_ARM\libmbed.a(SerialBase.o)
                0x08006c08                mbed::SerialBase::readable()
 .text._ZN4mbed10SerialBase10_base_getcEv
                0x08006c2a        0x6 C:\Users\g031q\workspace\Robot_sample\mbed\TARGET_NUCLEO_F446RE\TOOLCHAIN_GCC_ARM\libmbed.a(SerialBase.o)
                0x08006c2a                mbed::SerialBase::_base_getc()
 .text._ZN4mbed10SerialBase10_base_putcEi
                0x08006c30        0xe C:\Users\g031q\workspace\Robot_sample\mbed\TARGET_NUCLEO_F446RE\TOOLCHAIN_GCC_ARM\libmbed.a(SerialBase.o)
                0x08006c30                mbed::SerialBase::_base_putc(int)
 *fill*         0x08006c3e        0x2 
 .text._ZN4mbed10SerialBaseC2E7PinNameS1_i
                0x08006c40       0xf4 C:\Users\g031q\workspace\Robot_sample\mbed\TARGET_NUCLEO_F446RE\TOOLCHAIN_GCC_ARM\libmbed.a(SerialBase.o)
                0x08006c40                mbed::SerialBase::SerialBase(PinName, PinName, int)
                0x08006c40                mbed::SerialBase::SerialBase(PinName, PinName, int)
 .text._ZN4mbed10SerialBase6attachENS_8CallbackIFvvEEENS0_7IrqTypeE
                0x08006d34       0x74 C:\Users\g031q\workspace\Robot_sample\mbed\TARGET_NUCLEO_F446RE\TOOLCHAIN_GCC_ARM\libmbed.a(SerialBase.o)
                0x08006d34                mbed::SerialBase::attach(mbed::Callback<void ()>, mbed::SerialBase::IrqType)
 .text._ZN4mbed10SerialBaseD2Ev
                0x08006da8       0x70 C:\Users\g031q\workspace\Robot_sample\mbed\TARGET_NUCLEO_F446RE\TOOLCHAIN_GCC_ARM\libmbed.a(SerialBase.o)
                0x08006da8                mbed::SerialBase::~SerialBase()
                0x08006da8                mbed::SerialBase::~SerialBase()
 .text._ZN4mbed10SerialBaseD0Ev
                0x08006e18       0x12 C:\Users\g031q\workspace\Robot_sample\mbed\TARGET_NUCLEO_F446RE\TOOLCHAIN_GCC_ARM\libmbed.a(SerialBase.o)
                0x08006e18                mbed::SerialBase::~SerialBase()
 .text._ZN4mbed8FilePathC2EPKc
                0x08006e2a       0x3c C:\Users\g031q\workspace\Robot_sample\mbed\TARGET_NUCLEO_F446RE\TOOLCHAIN_GCC_ARM\libmbed.a(FilePath.o)
                0x08006e2a                mbed::FilePath::FilePath(char const*)
                0x08006e2a                mbed::FilePath::FilePath(char const*)
 .text._ZN4mbed8FilePath8fileNameEv
                0x08006e66        0x4 C:\Users\g031q\workspace\Robot_sample\mbed\TARGET_NUCLEO_F446RE\TOOLCHAIN_GCC_ARM\libmbed.a(FilePath.o)
                0x08006e66                mbed::FilePath::fileName()
 .text._ZN4mbed8FilePath12isFileSystemEv
                0x08006e6a       0x12 C:\Users\g031q\workspace\Robot_sample\mbed\TARGET_NUCLEO_F446RE\TOOLCHAIN_GCC_ARM\libmbed.a(FilePath.o)
                0x08006e6a                mbed::FilePath::isFileSystem()
 .text._ZN4mbed8FilePath10fileSystemEv
                0x08006e7c       0x12 C:\Users\g031q\workspace\Robot_sample\mbed\TARGET_NUCLEO_F446RE\TOOLCHAIN_GCC_ARM\libmbed.a(FilePath.o)
                0x08006e7c                mbed::FilePath::fileSystem()
 .text._ZN4mbed8FilePath6isFileEv
                0x08006e8e       0x12 C:\Users\g031q\workspace\Robot_sample\mbed\TARGET_NUCLEO_F446RE\TOOLCHAIN_GCC_ARM\libmbed.a(FilePath.o)
                0x08006e8e                mbed::FilePath::isFile()
 .text._ZN4mbed8FilePath4fileEv
                0x08006ea0       0x12 C:\Users\g031q\workspace\Robot_sample\mbed\TARGET_NUCLEO_F446RE\TOOLCHAIN_GCC_ARM\libmbed.a(FilePath.o)
                0x08006ea0                mbed::FilePath::file()
 .text._ZN4mbed8FilePath6existsEv
                0x08006eb2        0xa C:\Users\g031q\workspace\Robot_sample\mbed\TARGET_NUCLEO_F446RE\TOOLCHAIN_GCC_ARM\libmbed.a(FilePath.o)
                0x08006eb2                mbed::FilePath::exists()
 .text._ZN4mbed8FileBase11getPathTypeEv
                0x08006ebc        0x4 C:\Users\g031q\workspace\Robot_sample\mbed\TARGET_NUCLEO_F446RE\TOOLCHAIN_GCC_ARM\libmbed.a(FileBase.o)
                0x08006ebc                mbed::FileBase::getPathType()
 .text._ZN4mbed8FileBaseC2EPKcNS_8PathTypeE
                0x08006ec0       0x3c C:\Users\g031q\workspace\Robot_sample\mbed\TARGET_NUCLEO_F446RE\TOOLCHAIN_GCC_ARM\libmbed.a(FileBase.o)
                0x08006ec0                mbed::FileBase::FileBase(char const*, mbed::PathType)
                0x08006ec0                mbed::FileBase::FileBase(char const*, mbed::PathType)
 .text._ZN4mbed8FileBaseD2Ev
                0x08006efc       0x4c C:\Users\g031q\workspace\Robot_sample\mbed\TARGET_NUCLEO_F446RE\TOOLCHAIN_GCC_ARM\libmbed.a(FileBase.o)
                0x08006efc                mbed::FileBase::~FileBase()
                0x08006efc                mbed::FileBase::~FileBase()
 .text._ZN4mbed8FileBaseD0Ev
                0x08006f48       0x12 C:\Users\g031q\workspace\Robot_sample\mbed\TARGET_NUCLEO_F446RE\TOOLCHAIN_GCC_ARM\libmbed.a(FileBase.o)
                0x08006f48                mbed::FileBase::~FileBase()
 *fill*         0x08006f5a        0x2 
 .text._ZN4mbed8FileBase6lookupEPKcj
                0x08006f5c       0x40 C:\Users\g031q\workspace\Robot_sample\mbed\TARGET_NUCLEO_F446RE\TOOLCHAIN_GCC_ARM\libmbed.a(FileBase.o)
                0x08006f5c                mbed::FileBase::lookup(char const*, unsigned int)
 .text.wait_us  0x08006f9c       0x1e C:\Users\g031q\workspace\Robot_sample\mbed\TARGET_NUCLEO_F446RE\TOOLCHAIN_GCC_ARM\libmbed.a(mbed_wait_api_no_rtos.o)
                0x08006f9c                wait_us
 .text.wait_ms  0x08006fba        0xa C:\Users\g031q\workspace\Robot_sample\mbed\TARGET_NUCLEO_F446RE\TOOLCHAIN_GCC_ARM\libmbed.a(mbed_wait_api_no_rtos.o)
                0x08006fba                wait_ms
 .text._ZN4mbed10FileHandle4syncEv
                0x08006fc4        0x4 C:\Users\g031q\workspace\Robot_sample\mbed\TARGET_NUCLEO_F446RE\TOOLCHAIN_GCC_ARM\libmbed.a(Stream.o)
                0x08006fc4                mbed::FileHandle::sync()
 .text._ZN4mbed10FileHandle6isattyEv
                0x08006fc8        0x4 C:\Users\g031q\workspace\Robot_sample\mbed\TARGET_NUCLEO_F446RE\TOOLCHAIN_GCC_ARM\libmbed.a(Stream.o)
                0x08006fc8                mbed::FileHandle::isatty()
 .text._ZN4mbed10FileHandle4tellEv
                0x08006fcc        0xa C:\Users\g031q\workspace\Robot_sample\mbed\TARGET_NUCLEO_F446RE\TOOLCHAIN_GCC_ARM\libmbed.a(Stream.o)
                0x08006fcc                mbed::FileHandle::tell()
 .text._ZN4mbed10FileHandle6rewindEv
                0x08006fd6        0xa C:\Users\g031q\workspace\Robot_sample\mbed\TARGET_NUCLEO_F446RE\TOOLCHAIN_GCC_ARM\libmbed.a(Stream.o)
                0x08006fd6                mbed::FileHandle::rewind()
 .text._ZN4mbed6Stream4lockEv
                0x08006fe0        0x2 C:\Users\g031q\workspace\Robot_sample\mbed\TARGET_NUCLEO_F446RE\TOOLCHAIN_GCC_ARM\libmbed.a(Stream.o)
                0x08006fe0                mbed::Stream::lock()
 .text._ZN4mbed6Stream6unlockEv
                0x08006fe2        0x2 C:\Users\g031q\workspace\Robot_sample\mbed\TARGET_NUCLEO_F446RE\TOOLCHAIN_GCC_ARM\libmbed.a(Stream.o)
                0x08006fe2                mbed::Stream::unlock()
 .text._ZN4mbed6Stream5writeEPKvj
                0x08006fe4       0x30 C:\Users\g031q\workspace\Robot_sample\mbed\TARGET_NUCLEO_F446RE\TOOLCHAIN_GCC_ARM\libmbed.a(Stream.o)
                0x08006fe4                mbed::Stream::write(void const*, unsigned int)
 .text._ZN4mbed6Stream4readEPvj
                0x08007014       0x32 C:\Users\g031q\workspace\Robot_sample\mbed\TARGET_NUCLEO_F446RE\TOOLCHAIN_GCC_ARM\libmbed.a(Stream.o)
                0x08007014                mbed::Stream::read(void*, unsigned int)
 .text._ZN4mbed6Stream4seekEli
                0x08007046        0x4 C:\Users\g031q\workspace\Robot_sample\mbed\TARGET_NUCLEO_F446RE\TOOLCHAIN_GCC_ARM\libmbed.a(Stream.o)
                0x08007046                mbed::Stream::seek(long, int)
 .text._ZN4mbed6Stream6rewindEv
                0x0800704a        0x2 C:\Users\g031q\workspace\Robot_sample\mbed\TARGET_NUCLEO_F446RE\TOOLCHAIN_GCC_ARM\libmbed.a(Stream.o)
                0x0800704a                mbed::Stream::rewind()
 .text._ZN4mbed6Stream4syncEv
                0x0800704c        0x4 C:\Users\g031q\workspace\Robot_sample\mbed\TARGET_NUCLEO_F446RE\TOOLCHAIN_GCC_ARM\libmbed.a(Stream.o)
                0x0800704c                mbed::Stream::isatty()
                0x0800704c                mbed::Stream::sync()
                0x0800704c                mbed::Stream::close()
 .text._ZN4mbed6Stream4sizeEv
                0x08007050        0x4 C:\Users\g031q\workspace\Robot_sample\mbed\TARGET_NUCLEO_F446RE\TOOLCHAIN_GCC_ARM\libmbed.a(Stream.o)
                0x08007050                mbed::Stream::tell()
                0x08007050                mbed::Stream::size()
 .text._ZN4mbed8FileLikeD2Ev
                0x08007054       0x24 C:\Users\g031q\workspace\Robot_sample\mbed\TARGET_NUCLEO_F446RE\TOOLCHAIN_GCC_ARM\libmbed.a(Stream.o)
                0x08007054                mbed::FileLike::~FileLike()
                0x08007054                mbed::FileLike::~FileLike()
                0x08007070                non-virtual thunk to mbed::FileLike::~FileLike()
 .text._ZN4mbed8FileLikeD0Ev
                0x08007078       0x18 C:\Users\g031q\workspace\Robot_sample\mbed\TARGET_NUCLEO_F446RE\TOOLCHAIN_GCC_ARM\libmbed.a(Stream.o)
                0x08007078                mbed::FileLike::~FileLike()
                0x0800708a                non-virtual thunk to mbed::FileLike::~FileLike()
 .text._ZN4mbed6StreamC2EPKc
                0x08007090       0x50 C:\Users\g031q\workspace\Robot_sample\mbed\TARGET_NUCLEO_F446RE\TOOLCHAIN_GCC_ARM\libmbed.a(Stream.o)